Archive member included to satisfy reference by file (symbol)

C:/ST/STM32CubeIDE_2.0.0/STM32CubeIDE/plugins/com.st.stm32cube.ide.mcu.externaltools.gnu-tools-for-stm32.13.3.rel1.win32_1.0.100.202509120712/tools/bin/../lib/gcc/arm-none-eabi/13.3.1/../../../../arm-none-eabi/lib/thumb/v6-m/nofp\libc_nano.a(libc_a-exit.o)
                              C:/ST/STM32CubeIDE_2.0.0/STM32CubeIDE/plugins/com.st.stm32cube.ide.mcu.externaltools.gnu-tools-for-stm32.13.3.rel1.win32_1.0.100.202509120712/tools/bin/../lib/gcc/arm-none-eabi/13.3.1/../../../../arm-none-eabi/lib/thumb/v6-m/nofp/crt0.o (exit)
C:/ST/STM32CubeIDE_2.0.0/STM32CubeIDE/plugins/com.st.stm32cube.ide.mcu.externaltools.gnu-tools-for-stm32.13.3.rel1.win32_1.0.100.202509120712/tools/bin/../lib/gcc/arm-none-eabi/13.3.1/../../../../arm-none-eabi/lib/thumb/v6-m/nofp\libc_nano.a(libc_a-malloc.o)
                              ./Core/Src/ws2812.o (malloc)
C:/ST/STM32CubeIDE_2.0.0/STM32CubeIDE/plugins/com.st.stm32cube.ide.mcu.externaltools.gnu-tools-for-stm32.13.3.rel1.win32_1.0.100.202509120712/tools/bin/../lib/gcc/arm-none-eabi/13.3.1/../../../../arm-none-eabi/lib/thumb/v6-m/nofp\libc_nano.a(libc_a-mallocr.o)
                              C:/ST/STM32CubeIDE_2.0.0/STM32CubeIDE/plugins/com.st.stm32cube.ide.mcu.externaltools.gnu-tools-for-stm32.13.3.rel1.win32_1.0.100.202509120712/tools/bin/../lib/gcc/arm-none-eabi/13.3.1/../../../../arm-none-eabi/lib/thumb/v6-m/nofp\libc_nano.a(libc_a-malloc.o) (_malloc_r)
C:/ST/STM32CubeIDE_2.0.0/STM32CubeIDE/plugins/com.st.stm32cube.ide.mcu.externaltools.gnu-tools-for-stm32.13.3.rel1.win32_1.0.100.202509120712/tools/bin/../lib/gcc/arm-none-eabi/13.3.1/../../../../arm-none-eabi/lib/thumb/v6-m/nofp\libc_nano.a(libc_a-mlock.o)
                              C:/ST/STM32CubeIDE_2.0.0/STM32CubeIDE/plugins/com.st.stm32cube.ide.mcu.externaltools.gnu-tools-for-stm32.13.3.rel1.win32_1.0.100.202509120712/tools/bin/../lib/gcc/arm-none-eabi/13.3.1/../../../../arm-none-eabi/lib/thumb/v6-m/nofp\libc_nano.a(libc_a-mallocr.o) (__malloc_lock)
C:/ST/STM32CubeIDE_2.0.0/STM32CubeIDE/plugins/com.st.stm32cube.ide.mcu.externaltools.gnu-tools-for-stm32.13.3.rel1.win32_1.0.100.202509120712/tools/bin/../lib/gcc/arm-none-eabi/13.3.1/../../../../arm-none-eabi/lib/thumb/v6-m/nofp\libc_nano.a(libc_a-findfp.o)
                              C:/ST/STM32CubeIDE_2.0.0/STM32CubeIDE/plugins/com.st.stm32cube.ide.mcu.externaltools.gnu-tools-for-stm32.13.3.rel1.win32_1.0.100.202509120712/tools/bin/../lib/gcc/arm-none-eabi/13.3.1/../../../../arm-none-eabi/lib/thumb/v6-m/nofp\libc_nano.a(libc_a-exit.o) (__stdio_exit_handler)
C:/ST/STM32CubeIDE_2.0.0/STM32CubeIDE/plugins/com.st.stm32cube.ide.mcu.externaltools.gnu-tools-for-stm32.13.3.rel1.win32_1.0.100.202509120712/tools/bin/../lib/gcc/arm-none-eabi/13.3.1/../../../../arm-none-eabi/lib/thumb/v6-m/nofp\libc_nano.a(libc_a-fwalk.o)
                              C:/ST/STM32CubeIDE_2.0.0/STM32CubeIDE/plugins/com.st.stm32cube.ide.mcu.externaltools.gnu-tools-for-stm32.13.3.rel1.win32_1.0.100.202509120712/tools/bin/../lib/gcc/arm-none-eabi/13.3.1/../../../../arm-none-eabi/lib/thumb/v6-m/nofp\libc_nano.a(libc_a-findfp.o) (_fwalk_sglue)
C:/ST/STM32CubeIDE_2.0.0/STM32CubeIDE/plugins/com.st.stm32cube.ide.mcu.externaltools.gnu-tools-for-stm32.13.3.rel1.win32_1.0.100.202509120712/tools/bin/../lib/gcc/arm-none-eabi/13.3.1/../../../../arm-none-eabi/lib/thumb/v6-m/nofp\libc_nano.a(libc_a-printf.o)
                              ./Core/Src/main.o (printf)
C:/ST/STM32CubeIDE_2.0.0/STM32CubeIDE/plugins/com.st.stm32cube.ide.mcu.externaltools.gnu-tools-for-stm32.13.3.rel1.win32_1.0.100.202509120712/tools/bin/../lib/gcc/arm-none-eabi/13.3.1/../../../../arm-none-eabi/lib/thumb/v6-m/nofp\libc_nano.a(libc_a-puts.o)
                              ./Core/Src/main.o (puts)
C:/ST/STM32CubeIDE_2.0.0/STM32CubeIDE/plugins/com.st.stm32cube.ide.mcu.externaltools.gnu-tools-for-stm32.13.3.rel1.win32_1.0.100.202509120712/tools/bin/../lib/gcc/arm-none-eabi/13.3.1/../../../../arm-none-eabi/lib/thumb/v6-m/nofp\libc_nano.a(libc_a-stdio.o)
                              C:/ST/STM32CubeIDE_2.0.0/STM32CubeIDE/plugins/com.st.stm32cube.ide.mcu.externaltools.gnu-tools-for-stm32.13.3.rel1.win32_1.0.100.202509120712/tools/bin/../lib/gcc/arm-none-eabi/13.3.1/../../../../arm-none-eabi/lib/thumb/v6-m/nofp\libc_nano.a(libc_a-findfp.o) (__sread)
C:/ST/STM32CubeIDE_2.0.0/STM32CubeIDE/plugins/com.st.stm32cube.ide.mcu.externaltools.gnu-tools-for-stm32.13.3.rel1.win32_1.0.100.202509120712/tools/bin/../lib/gcc/arm-none-eabi/13.3.1/../../../../arm-none-eabi/lib/thumb/v6-m/nofp\libc_nano.a(libc_a-wbuf.o)
                              C:/ST/STM32CubeIDE_2.0.0/STM32CubeIDE/plugins/com.st.stm32cube.ide.mcu.externaltools.gnu-tools-for-stm32.13.3.rel1.win32_1.0.100.202509120712/tools/bin/../lib/gcc/arm-none-eabi/13.3.1/../../../../arm-none-eabi/lib/thumb/v6-m/nofp\libc_nano.a(libc_a-puts.o) (__swbuf_r)
[...]
Memory Configuration

Name             Origin             Length             Attributes
RAM              0x20000000         0x00001000         xrw
FLASH            0x08000000         0x00008000         xr
*default*        0x00000000         0xffffffff

Linker script and memory map

LOAD C:/ST/STM32CubeIDE_2.0.0/STM32CubeIDE/plugins/com.st.stm32cube.ide.mcu.externaltools.gnu-tools-for-stm32.13.3.rel1.win32_1.0.100.202509120712/tools/bin/../lib/gcc/arm-none-eabi/13.3.1/thumb/v6-m/nofp/crti.o
LOAD C:/ST/STM32CubeIDE_2.0.0/STM32CubeIDE/plugins/com.st.stm32cube.ide.mcu.externaltools.gnu-tools-for-stm32.13.3.rel1.win32_1.0.100.202509120712/tools/bin/../lib/gcc/arm-none-eabi/13.3.1/thumb/v6-m/nofp/crtbegin.o
LOAD C:/ST/STM32CubeIDE_2.0.0/STM32CubeIDE/plugins/com.st.stm32cube.ide.mcu.externaltools.gnu-tools-for-stm32.13.3.rel1.win32_1.0.100.202509120712/tools/bin/../lib/gcc/arm-none-eabi/13.3.1/../../../../arm-none-eabi/lib/thumb/v6-m/nofp/crt0.o
LOAD ./Core/Src/color_values.o
LOAD ./Core/Src/main.o
LOAD ./Core/Src/stm32f0xx_hal_msp.o
LOAD ./Core/Src/stm32f0xx_it.o
LOAD ./Core/Src/syscalls.o
LOAD ./Core/Src/sysmem.o
LOAD ./Core/Src/system_stm32f0xx.o
LOAD ./Core/Src/ws2812.o
LOAD ./Core/Src/ws2812_demos.o
LOAD ./Core/Startup/startup_stm32f031f6px.o
LOAD ./Drivers/STM32F0xx_HAL_Driver/Src/stm32f0xx_hal.o
LOAD ./Drivers/STM32F0xx_HAL_Driver/Src/stm32f0xx_hal_cortex.o
LOAD ./Drivers/STM32F0xx_HAL_Driver/Src/stm32f0xx_hal_dma.o
LOAD ./Drivers/STM32F0xx_HAL_Driver/Src/stm32f0xx_hal_exti.o
LOAD ./Drivers/STM32F0xx_HAL_Driver/Src/stm32f0xx_hal_flash.o
LOAD ./Drivers/STM32F0xx_HAL_Driver/Src/stm32f0xx_hal_flash_ex.o
LOAD ./Drivers/STM32F0xx_HAL_Driver/Src/stm32f0xx_hal_gpio.o
LOAD ./Drivers/STM32F0xx_HAL_Driver/Src/stm32f0xx_hal_i2c.o
LOAD ./Drivers/STM32F0xx_HAL_Driver/Src/stm32f0xx_hal_i2c_ex.o
LOAD ./Drivers/STM32F0xx_HAL_Driver/Src/stm32f0xx_hal_pwr.o
LOAD ./Drivers/STM32F0xx_HAL_Driver/Src/stm32f0xx_hal_pwr_ex.o
LOAD ./Drivers/STM32F0xx_HAL_Driver/Src/stm32f0xx_hal_rcc.o
LOAD ./Drivers/STM32F0xx_HAL_Driver/Src/stm32f0xx_hal_rcc_ex.o
LOAD ./Drivers/STM32F0xx_HAL_Driver/Src/stm32f0xx_hal_tim.o
LOAD ./Drivers/STM32F0xx_HAL_Driver/Src/stm32f0xx_hal_tim_ex.o
LOAD ./Drivers/STM32F0xx_HAL_Driver/Src/stm32f0xx_hal_uart.o
LOAD ./Drivers/STM32F0xx_HAL_Driver/Src/stm32f0xx_hal_uart_ex.o
START GROUP
LOAD C:/ST/STM32CubeIDE_2.0.0/STM32CubeIDE/plugins/com.st.stm32cube.ide.mcu.externaltools.gnu-tools-for-stm32.13.3.rel1.win32_1.0.100.202509120712/tools/bin/../lib/gcc/arm-none-eabi/13.3.1/../../../../arm-none-eabi/lib/thumb/v6-m/nofp\libc_nano.a
LOAD C:/ST/STM32CubeIDE_2.0.0/STM32CubeIDE/plugins/com.st.stm32cube.ide.mcu.externaltools.gnu-tools-for-stm32.13.3.rel1.win32_1.0.100.202509120712/tools/bin/../lib/gcc/arm-none-eabi/13.3.1/../../../../arm-none-eabi/lib/thumb/v6-m/nofp\libm.a
END GROUP
START GROUP
LOAD C:/ST/STM32CubeIDE_2.0.0/STM32CubeIDE/plugins/com.st.stm32cube.ide.mcu.externaltools.gnu-tools-for-stm32.13.3.rel1.win32_1.0.100.202509120712/tools/bin/../lib/gcc/arm-none-eabi/13.3.1/thumb/v6-m/nofp\libgcc.a
LOAD C:/ST/STM32CubeIDE_2.0.0/STM32CubeIDE/plugins/com.st.stm32cube.ide.mcu.externaltools.gnu-tools-for-stm32.13.3.rel1.win32_1.0.100.202509120712/tools/bin/../lib/gcc/arm-none-eabi/13.3.1/../../../../arm-none-eabi/lib/thumb/v6-m/nofp\libc_nano.a
END GROUP
START GROUP
LOAD C:/ST/STM32CubeIDE_2.0.0/STM32CubeIDE/plugins/com.st.stm32cube.ide.mcu.externaltools.gnu-tools-for-stm32.13.3.rel1.win32_1.0.100.202509120712/tools/bin/../lib/gcc/arm-none-eabi/13.3.1/thumb/v6-m/nofp\libgcc.a
LOAD C:/ST/STM32CubeIDE_2.0.0/STM32CubeIDE/plugins/com.st.stm32cube.ide.mcu.externaltools.gnu-tools-for-stm32.13.3.rel1.win32_1.0.100.202509120712/tools/bin/../lib/gcc/arm-none-eabi/13.3.1/../../../../arm-none-eabi/lib/thumb/v6-m/nofp\libc_nano.a
LOAD C:/ST/STM32CubeIDE_2.0.0/STM32CubeIDE/plugins/com.st.stm32cube.ide.mcu.externaltools.gnu-tools-for-stm32.13.3.rel1.win32_1.0.100.202509120712/tools/bin/../lib/gcc/arm-none-eabi/13.3.1/../../../../arm-none-eabi/lib/thumb/v6-m/nofp\libnosys.a
END GROUP
START GROUP
LOAD C:/ST/STM32CubeIDE_2.0.0/STM32CubeIDE/plugins/com.st.stm32cube.ide.mcu.externaltools.gnu-tools-for-stm32.13.3.rel1.win32_1.0.100.202509120712/tools/bin/../lib/gcc/arm-none-eabi/13.3.1/thumb/v6-m/nofp\libgcc.a
LOAD C:/ST/STM32CubeIDE_2.0.0/STM32CubeIDE/plugins/com.st.stm32cube.ide.mcu.externaltools.gnu-tools-for-stm32.13.3.rel1.win32_1.0.100.202509120712/tools/bin/../lib/gcc/arm-none-eabi/13.3.1/../../../../arm-none-eabi/lib/thumb/v6-m/nofp\libc_nano.a
LOAD C:/ST/STM32CubeIDE_2.0.0/STM32CubeIDE/plugins/com.st.stm32cube.ide.mcu.externaltools.gnu-tools-for-stm32.13.3.rel1.win32_1.0.100.202509120712/tools/bin/../lib/gcc/arm-none-eabi/13.3.1/../../../../arm-none-eabi/lib/thumb/v6-m/nofp\libnosys.a
END GROUP
LOAD C:/ST/STM32CubeIDE_2.0.0/STM32CubeIDE/plugins/com.st.stm32cube.ide.mcu.externaltools.gnu-tools-for-stm32.13.3.rel1.win32_1.0.100.202509120712/tools/bin/../lib/gcc/arm-none-eabi/13.3.1/thumb/v6-m/nofp/crtend.o
LOAD C:/ST/STM32CubeIDE_2.0.0/STM32CubeIDE/plugins/com.st.stm32cube.ide.mcu.externaltools.gnu-tools-for-stm32.13.3.rel1.win32_1.0.100.202509120712/tools/bin/../lib/gcc/arm-none-eabi/13.3.1/thumb/v6-m/nofp/crtn.o
                0x20001000                        _estack = (ORIGIN (RAM) + LENGTH (RAM))
                0x00000200                        _Min_Heap_Size = 0x200
                0x00000400                        _Min_Stack_Size = 0x400

.isr_vector     0x08000000       0xc0
                0x08000000                        . = ALIGN (0x4)
 *(.isr_vector)
 .isr_vector    0x08000000       0xc0 ./Core/Startup/startup_stm32f031f6px.o
                0x08000000                g_pfnVectors
                0x080000c0                        . = ALIGN (0x4)

.text           0x080000c0     0x4d4c
                0x080000c0                        . = ALIGN (0x4)
 *(.text)
 .text          0x080000c0       0x48 C:/ST/STM32CubeIDE_2.0.0/STM32CubeIDE/plugins/com.st.stm32cube.ide.mcu.externaltools.gnu-tools-for-stm32.13.3.rel1.win32_1.0.100.202509120712/tools/bin/../lib/gcc/arm-none-eabi/13.3.1/thumb/v6-m/nofp/crtbegin.o
 .text          0x08000108       0x14 C:/ST/STM32CubeIDE_2.0.0/STM32CubeIDE/plugins/com.st.stm32cube.ide.mcu.externaltools.gnu-tools-for-stm32.13.3.rel1.win32_1.0.100.202509120712/tools/bin/../lib/gcc/arm-none-eabi/13.3.1/thumb/v6-m/nofp\libgcc.a(_thumb1_case_shi.o)
                0x08000108                __gnu_thumb1_case_shi
 .text          0x0800011c      0x114 C:/ST/STM32CubeIDE_2.0.0/STM32CubeIDE/plugins/com.st.stm32cube.ide.mcu.externaltools.gnu-tools-for-stm32.13.3.rel1.win32_1.0.100.202509120712/tools/bin/../lib/gcc/arm-none-eabi/13.3.1/thumb/v6-m/nofp\libgcc.a(_udivsi3.o)
                0x0800011c                __aeabi_uidiv
                0x0800011c                __udivsi3
                0x08000228                __aeabi_uidivmod
 .text          0x08000230        0x4 C:/ST/STM32CubeIDE_2.0.0/STM32CubeIDE/plugins/com.st.stm32cube.ide.mcu.externaltools.gnu-tools-for-stm32.13.3.rel1.win32_1.0.100.202509120712/tools/bin/../lib/gcc/arm-none-eabi/13.3.1/thumb/v6-m/nofp\libgcc.a(_dvmd_tls.o)
                0x08000230                __aeabi_idiv0
                0x08000230                __aeabi_ldiv0
 *(.text*)
 .text._write   0x08000234       0x54 ./Core/Src/main.o
                0x08000234                _write
 .text.HAL_TIM_PWM_PulseFinishedHalfCpltCallback
                0x08000288       0x34 ./Core/Src/main.o
                0x08000288                HAL_TIM_PWM_PulseFinishedHalfCpltCallback
 .text.HAL_TIM_PWM_PulseFinishedCallback
                0x080002bc       0x34 ./Core/Src/main.o
                0x080002bc                HAL_TIM_PWM_PulseFinishedCallback
 .text.main     0x080002f0      0x264 ./Core/Src/main.o
                0x080002f0                main
 .text.SystemClock_Config
                0x08000554       0xc2 ./Core/Src/main.o
                0x08000554                SystemClock_Config
 *fill*         0x08000616        0x2 
 .text.MX_TIM3_Init
                0x08000618       0xfc ./Core/Src/main.o
 .text.MX_USART1_UART_Init
                0x08000714       0x60 ./Core/Src/main.o
 .text.MX_DMA_Init
                0x08000774       0x3c ./Core/Src/main.o
 .text.MX_GPIO_Init
                0x080007b0       0xd4 ./Core/Src/main.o
 .text.HAL_GPIO_EXTI_Callback
                0x08000884       0x80 ./Core/Src/main.o
                0x08000884                HAL_GPIO_EXTI_Callback
 .text.Error_Handler
                0x08000904        0xc ./Core/Src/main.o
                0x08000904                Error_Handler
 .text.HAL_MspInit
                0x08000910       0x48 ./Core/Src/stm32f0xx_hal_msp.o
                0x08000910                HAL_MspInit
 .text.HAL_TIM_Base_MspInit
                0x08000958       0xa0 ./Core/Src/stm32f0xx_hal_msp.o
                0x08000958                HAL_TIM_Base_MspInit
 .text.HAL_TIM_MspPostInit
                0x080009f8       0x7c ./Core/Src/stm32f0xx_hal_msp.o
                0x080009f8                HAL_TIM_MspPostInit
 .text.HAL_UART_MspInit
                0x08000a74       0x9c ./Core/Src/stm32f0xx_hal_msp.o
                0x08000a74                HAL_UART_MspInit
 .text.NMI_Handler
                0x08000b10        0x8 ./Core/Src/stm32f0xx_it.o
                0x08000b10                NMI_Handler
 .text.HardFault_Handler
                0x08000b18        0x8 ./Core/Src/stm32f0xx_it.o
                0x08000b18                HardFault_Handler
 .text.SVC_Handler
                0x08000b20        0xa ./Core/Src/stm32f0xx_it.o
                0x08000b20                SVC_Handler
 .text.PendSV_Handler
                0x08000b2a        0xa ./Core/Src/stm32f0xx_it.o
                0x08000b2a                PendSV_Handler
 .text.SysTick_Handler
                0x08000b34        0xe ./Core/Src/stm32f0xx_it.o
                0x08000b34                SysTick_Handler
 .text.EXTI0_1_IRQHandler
                0x08000b42       0x10 ./Core/Src/stm32f0xx_it.o
                0x08000b42                EXTI0_1_IRQHandler
 *fill*         0x08000b52        0x2 
 .text.DMA1_Channel4_5_IRQHandler
                0x08000b54       0x18 ./Core/Src/stm32f0xx_it.o
                0x08000b54                DMA1_Channel4_5_IRQHandler
 .text._read    0x08000b6c       0x3a ./Core/Src/syscalls.o
                0x08000b6c                _read
 .text._close   0x08000ba6       0x14 ./Core/Src/syscalls.o
                0x08000ba6                _close
 .text._fstat   0x08000bba       0x1c ./Core/Src/syscalls.o
                0x08000bba                _fstat
 .text._isatty  0x08000bd6       0x12 ./Core/Src/syscalls.o
                0x08000bd6                _isatty
 .text._lseek   0x08000be8       0x16 ./Core/Src/syscalls.o
                0x08000be8                _lseek
 *fill*         0x08000bfe        0x2 
 .text._sbrk    0x08000c00       0x6c ./Core/Src/sysmem.o
                0x08000c00                _sbrk
 .text.SystemInit
                0x08000c6c        0xa ./Core/Src/system_stm32f0xx.o
                0x08000c6c                SystemInit
 *fill*         0x08000c76        0x2 
 .text.ws2812_update_buffer
                0x08000c78      0x164 ./Core/Src/ws2812.o
                0x08000c78                ws2812_update_buffer
 .text.zeroLedValues
                0x08000ddc       0x3e ./Core/Src/ws2812.o
                0x08000ddc                zeroLedValues
 .text.setLedValues
                0x08000e1a       0x9e ./Core/Src/ws2812.o
                0x08000e1a                setLedValues
 .text.ws2812_init
                0x08000eb8       0xa6 ./Core/Src/ws2812.o
                0x08000eb8                ws2812_init
 *fill*         0x08000f5e        0x2 
 .text.ws2812_demos_set
                0x08000f60       0x24 ./Core/Src/ws2812_demos.o
                0x08000f60                ws2812_demos_set
 .text.ws2812_demos_tick
                0x08000f84       0xec ./Core/Src/ws2812_demos.o
                0x08000f84                ws2812_demos_tick
 .text.Reset_Handler
                0x08001070       0x50 ./Core/Startup/startup_stm32f031f6px.o
                0x08001070                Reset_Handler
 .text.Default_Handler
                0x080010c0        0x2 ./Core/Startup/startup_stm32f031f6px.o
                0x080010c0                TIM1_CC_IRQHandler
                0x080010c0                PVD_IRQHandler
                0x080010c0                I2C1_IRQHandler
                0x080010c0                SPI1_IRQHandler
                0x080010c0                EXTI2_3_IRQHandler
                0x080010c0                ADC1_IRQHandler
                0x080010c0                TIM17_IRQHandler
                0x080010c0                RTC_IRQHandler
                0x080010c0                TIM16_IRQHandler
                0x080010c0                TIM3_IRQHandler
                0x080010c0                EXTI4_15_IRQHandler
                0x080010c0                RCC_IRQHandler
                0x080010c0                DMA1_Channel1_IRQHandler
                0x080010c0                Default_Handler
                0x080010c0                TIM14_IRQHandler
                0x080010c0                WWDG_IRQHandler
                0x080010c0                TIM2_IRQHandler
                0x080010c0                DMA1_Channel2_3_IRQHandler
                0x080010c0                FLASH_IRQHandler
                0x080010c0                USART1_IRQHandler
                0x080010c0                TIM1_BRK_UP_TRG_COM_IRQHandler
 *fill*         0x080010c2        0x2 
 .text.HAL_Init
                0x080010c4       0x28 ./Drivers/STM32F0xx_HAL_Driver/Src/stm32f0xx_hal.o
                0x080010c4                HAL_Init
 .text.HAL_InitTick
                0x080010ec       0x68 ./Drivers/STM32F0xx_HAL_Driver/Src/stm32f0xx_hal.o
                0x080010ec                HAL_InitTick
 .text.HAL_IncTick
                0x08001154       0x24 ./Drivers/STM32F0xx_HAL_Driver/Src/stm32f0xx_hal.o
                0x08001154                HAL_IncTick
 .text.HAL_GetTick
                0x08001178       0x14 ./Drivers/STM32F0xx_HAL_Driver/Src/stm32f0xx_hal.o
                0x08001178                HAL_GetTick
 .text.HAL_Delay
                0x0800118c       0x48 ./Drivers/STM32F0xx_HAL_Driver/Src/stm32f0xx_hal.o
                0x0800118c                HAL_Delay
 .text.HAL_SuspendTick
                0x080011d4       0x1c ./Drivers/STM32F0xx_HAL_Driver/Src/stm32f0xx_hal.o
                0x080011d4                HAL_SuspendTick
 .text.HAL_ResumeTick
                0x080011f0       0x1c ./Drivers/STM32F0xx_HAL_Driver/Src/stm32f0xx_hal.o
                0x080011f0                HAL_ResumeTick
 .text.__NVIC_EnableIRQ
                0x0800120c       0x34 ./Drivers/STM32F0xx_HAL_Driver/Src/stm32f0xx_hal_cortex.o
 .text.__NVIC_SetPriority
                0x08001240       0xdc ./Drivers/STM32F0xx_HAL_Driver/Src/stm32f0xx_hal_cortex.o
 .text.SysTick_Config
                0x0800131c       0x48 ./Drivers/STM32F0xx_HAL_Driver/Src/stm32f0xx_hal_cortex.o
 .text.HAL_NVIC_SetPriority
                0x08001364       0x2a ./Drivers/STM32F0xx_HAL_Driver/Src/stm32f0xx_hal_cortex.o
                0x08001364                HAL_NVIC_SetPriority
 .text.HAL_NVIC_EnableIRQ
                0x0800138e       0x20 ./Drivers/STM32F0xx_HAL_Driver/Src/stm32f0xx_hal_cortex.o
                0x0800138e                HAL_NVIC_EnableIRQ
 .text.HAL_SYSTICK_Config
                0x080013ae       0x1a ./Drivers/STM32F0xx_HAL_Driver/Src/stm32f0xx_hal_cortex.o
                0x080013ae                HAL_SYSTICK_Config
 .text.HAL_DMA_Init
                0x080013c8       0x90 ./Drivers/STM32F0xx_HAL_Driver/Src/stm32f0xx_hal_dma.o
                0x080013c8                HAL_DMA_Init
 .text.HAL_DMA_Start_IT
                0x08001458       0xcc ./Drivers/STM32F0xx_HAL_Driver/Src/stm32f0xx_hal_dma.o
                0x08001458                HAL_DMA_Start_IT
 .text.HAL_DMA_IRQHandler
                0x08001524      0x144 ./Drivers/STM32F0xx_HAL_Driver/Src/stm32f0xx_hal_dma.o
                0x08001524                HAL_DMA_IRQHandler
 .text.DMA_SetConfig
                0x08001668       0x58 ./Drivers/STM32F0xx_HAL_Driver/Src/stm32f0xx_hal_dma.o
 .text.DMA_CalcBaseAndBitshift
                0x080016c0       0x38 ./Drivers/STM32F0xx_HAL_Driver/Src/stm32f0xx_hal_dma.o
 .text.HAL_GPIO_Init
                0x080016f8      0x2d0 ./Drivers/STM32F0xx_HAL_Driver/Src/stm32f0xx_hal_gpio.o
                0x080016f8                HAL_GPIO_Init
 .text.HAL_GPIO_ReadPin
                0x080019c8       0x3a ./Drivers/STM32F0xx_HAL_Driver/Src/stm32f0xx_hal_gpio.o
                0x080019c8                HAL_GPIO_ReadPin
 .text.HAL_GPIO_WritePin
                0x08001a02       0x3a ./Drivers/STM32F0xx_HAL_Driver/Src/stm32f0xx_hal_gpio.o
                0x08001a02                HAL_GPIO_WritePin
 .text.HAL_GPIO_EXTI_IRQHandler
                0x08001a3c       0x38 ./Drivers/STM32F0xx_HAL_Driver/Src/stm32f0xx_hal_gpio.o
                0x08001a3c                HAL_GPIO_EXTI_IRQHandler
 .text.HAL_PWR_EnterSTOPMode
                0x08001a74       0x68 ./Drivers/STM32F0xx_HAL_Driver/Src/stm32f0xx_hal_pwr.o
                0x08001a74                HAL_PWR_EnterSTOPMode
 .text.HAL_RCC_OscConfig
                0x08001adc      0x634 ./Drivers/STM32F0xx_HAL_Driver/Src/stm32f0xx_hal_rcc.o
                0x08001adc                HAL_RCC_OscConfig
 .text.HAL_RCC_ClockConfig
                0x08002110      0x19c ./Drivers/STM32F0xx_HAL_Driver/Src/stm32f0xx_hal_rcc.o
                0x08002110                HAL_RCC_ClockConfig
 .text.HAL_RCC_GetSysClockFreq
                0x080022ac       0xac ./Drivers/STM32F0xx_HAL_Driver/Src/stm32f0xx_hal_rcc.o
                0x080022ac                HAL_RCC_GetSysClockFreq
 .text.HAL_RCC_GetHCLKFreq
                0x08002358       0x14 ./Drivers/STM32F0xx_HAL_Driver/Src/stm32f0xx_hal_rcc.o
                0x08002358                HAL_RCC_GetHCLKFreq
 .text.HAL_RCC_GetPCLK1Freq
                0x0800236c       0x2c ./Drivers/STM32F0xx_HAL_Driver/Src/stm32f0xx_hal_rcc.o
                0x0800236c                HAL_RCC_GetPCLK1Freq
 .text.HAL_RCCEx_PeriphCLKConfig
                0x08002398      0x19c ./Drivers/STM32F0xx_HAL_Driver/Src/stm32f0xx_hal_rcc_ex.o
                0x08002398                HAL_RCCEx_PeriphCLKConfig
 .text.HAL_TIM_Base_Init
                0x08002534       0xa0 ./Drivers/STM32F0xx_HAL_Driver/Src/stm32f0xx_hal_tim.o
                0x08002534                HAL_TIM_Base_Init
 .text.HAL_TIM_PWM_Init
                0x080025d4       0xa0 ./Drivers/STM32F0xx_HAL_Driver/Src/stm32f0xx_hal_tim.o
                0x080025d4                HAL_TIM_PWM_Init
 .text.HAL_TIM_PWM_MspInit
                0x08002674       0x10 ./Drivers/STM32F0xx_HAL_Driver/Src/stm32f0xx_hal_tim.o
                0x08002674                HAL_TIM_PWM_MspInit
 .text.HAL_TIM_PWM_Start_DMA
                0x08002684      0x354 ./Drivers/STM32F0xx_HAL_Driver/Src/stm32f0xx_hal_tim.o
                0x08002684                HAL_TIM_PWM_Start_DMA
 .text.HAL_TIM_PWM_ConfigChannel
                0x080029d8      0x18c ./Drivers/STM32F0xx_HAL_Driver/Src/stm32f0xx_hal_tim.o
                0x080029d8                HAL_TIM_PWM_ConfigChannel
 .text.HAL_TIM_ConfigClockSource
                0x08002b64      0x1a8 ./Drivers/STM32F0xx_HAL_Driver/Src/stm32f0xx_hal_tim.o
                0x08002b64                HAL_TIM_ConfigClockSource
 .text.HAL_TIM_ErrorCallback
                0x08002d0c       0x10 ./Drivers/STM32F0xx_HAL_Driver/Src/stm32f0xx_hal_tim.o
                0x08002d0c                HAL_TIM_ErrorCallback
 .text.TIM_DMAError
                0x08002d1c       0x94 ./Drivers/STM32F0xx_HAL_Driver/Src/stm32f0xx_hal_tim.o
                0x08002d1c                TIM_DMAError
 .text.TIM_DMADelayPulseCplt
                0x08002db0       0xaa ./Drivers/STM32F0xx_HAL_Driver/Src/stm32f0xx_hal_tim.o
 .text.TIM_DMADelayPulseHalfCplt
                0x08002e5a       0x6a ./Drivers/STM32F0xx_HAL_Driver/Src/stm32f0xx_hal_tim.o
                0x08002e5a                TIM_DMADelayPulseHalfCplt
 .text.TIM_Base_SetConfig
                0x08002ec4      0x108 ./Drivers/STM32F0xx_HAL_Driver/Src/stm32f0xx_hal_tim.o
                0x08002ec4                TIM_Base_SetConfig
 .text.TIM_OC1_SetConfig
                0x08002fcc       0xfc ./Drivers/STM32F0xx_HAL_Driver/Src/stm32f0xx_hal_tim.o
 .text.TIM_OC2_SetConfig
                0x080030c8       0xfc ./Drivers/STM32F0xx_HAL_Driver/Src/stm32f0xx_hal_tim.o
                0x080030c8                TIM_OC2_SetConfig
 .text.TIM_OC3_SetConfig
                0x080031c4      0x100 ./Drivers/STM32F0xx_HAL_Driver/Src/stm32f0xx_hal_tim.o
 .text.TIM_OC4_SetConfig
                0x080032c4       0xc8 ./Drivers/STM32F0xx_HAL_Driver/Src/stm32f0xx_hal_tim.o
 .text.TIM_TI1_ConfigInputStage
                0x0800338c       0x5c ./Drivers/STM32F0xx_HAL_Driver/Src/stm32f0xx_hal_tim.o
 .text.TIM_TI2_ConfigInputStage
                0x080033e8       0x64 ./Drivers/STM32F0xx_HAL_Driver/Src/stm32f0xx_hal_tim.o
 .text.TIM_ITRx_SetConfig
                0x0800344c       0x32 ./Drivers/STM32F0xx_HAL_Driver/Src/stm32f0xx_hal_tim.o
 *fill*         0x0800347e        0x2 
 .text.TIM_ETR_SetConfig
                0x08003480       0x40 ./Drivers/STM32F0xx_HAL_Driver/Src/stm32f0xx_hal_tim.o
                0x08003480                TIM_ETR_SetConfig
 .text.TIM_CCxChannelCmd
                0x080034c0       0x46 ./Drivers/STM32F0xx_HAL_Driver/Src/stm32f0xx_hal_tim.o
                0x080034c0                TIM_CCxChannelCmd
 *fill*         0x08003506        0x2 
 .text.HAL_TIMEx_MasterConfigSynchronization
                0x08003508       0xb0 ./Drivers/STM32F0xx_HAL_Driver/Src/stm32f0xx_hal_tim_ex.o
                0x08003508                HAL_TIMEx_MasterConfigSynchronization
 .text.HAL_UART_Init
                0x080035b8       0xa8 ./Drivers/STM32F0xx_HAL_Driver/Src/stm32f0xx_hal_uart.o
                0x080035b8                HAL_UART_Init
 .text.HAL_UART_Transmit
                0x08003660      0x13e ./Drivers/STM32F0xx_HAL_Driver/Src/stm32f0xx_hal_uart.o
                0x08003660                HAL_UART_Transmit
 *fill*         0x0800379e        0x2 
 .text.UART_SetConfig
                0x080037a0      0x250 ./Drivers/STM32F0xx_HAL_Driver/Src/stm32f0xx_hal_uart.o
                0x080037a0                UART_SetConfig
 .text.UART_AdvFeatureConfig
                0x080039f0      0x168 ./Drivers/STM32F0xx_HAL_Driver/Src/stm32f0xx_hal_uart.o
                0x080039f0                UART_AdvFeatureConfig
 .text.UART_CheckIdleState
                0x08003b58      0x150 ./Drivers/STM32F0xx_HAL_Driver/Src/stm32f0xx_hal_uart.o
                0x08003b58                UART_CheckIdleState
 .text.UART_WaitOnFlagUntilTimeout
                0x08003ca8       0xde ./Drivers/STM32F0xx_HAL_Driver/Src/stm32f0xx_hal_uart.o
                0x08003ca8                UART_WaitOnFlagUntilTimeout
 *fill*         0x08003d86        0x2 
 .text.UART_EndRxTransfer
                0x08003d88       0xc8 ./Drivers/STM32F0xx_HAL_Driver/Src/stm32f0xx_hal_uart.o
 .text.malloc   0x08003e50       0x14 C:/ST/STM32CubeIDE_2.0.0/STM32CubeIDE/plugins/com.st.stm32cube.ide.mcu.externaltools.gnu-tools-for-stm32.13.3.rel1.win32_1.0.100.202509120712/tools/bin/../lib/gcc/arm-none-eabi/13.3.1/../../../../arm-none-eabi/lib/thumb/v6-m/nofp\libc_nano.a(libc_a-malloc.o)
                0x08003e50                malloc
 .text.sbrk_aligned
                0x08003e64       0x44 C:/ST/STM32CubeIDE_2.0.0/STM32CubeIDE/plugins/com.st.stm32cube.ide.mcu.externaltools.gnu-tools-for-stm32.13.3.rel1.win32_1.0.100.202509120712/tools/bin/../lib/gcc/arm-none-eabi/13.3.1/../../../../arm-none-eabi/lib/thumb/v6-m/nofp\libc_nano.a(libc_a-mallocr.o)
 .text._malloc_r
                0x08003ea8      0x100 C:/ST/STM32CubeIDE_2.0.0/STM32CubeIDE/plugins/com.st.stm32cube.ide.mcu.externaltools.gnu-tools-for-stm32.13.3.rel1.win32_1.0.100.202509120712/tools/bin/../lib/gcc/arm-none-eabi/13.3.1/../../../../arm-none-eabi/lib/thumb/v6-m/nofp\libc_nano.a(libc_a-mallocr.o)
                0x08003ea8                _malloc_r
 .text.__malloc_lock
                0x08003fa8       0x10 C:/ST/STM32CubeIDE_2.0.0/STM32CubeIDE/plugins/com.st.stm32cube.ide.mcu.externaltools.gnu-tools-for-stm32.13.3.rel1.win32_1.0.100.202509120712/tools/bin/../lib/gcc/arm-none-eabi/13.3.1/../../../../arm-none-eabi/lib/thumb/v6-m/nofp\libc_nano.a(libc_a-mlock.o)
                0x08003fa8                __malloc_lock
 .text.__malloc_unlock
                0x08003fb8       0x10 C:/ST/STM32CubeIDE_2.0.0/STM32CubeIDE/plugins/com.st.stm32cube.ide.mcu.externaltools.gnu-tools-for-stm32.13.3.rel1.win32_1.0.100.202509120712/tools/bin/../lib/gcc/arm-none-eabi/13.3.1/../../../../arm-none-eabi/lib/thumb/v6-m/nofp\libc_nano.a(libc_a-mlock.o)
                0x08003fb8                __malloc_unlock
 .text.std      0x08003fc8       0x6c C:/ST/STM32CubeIDE_2.0.0/STM32CubeIDE/plugins/com.st.stm32cube.ide.mcu.externaltools.gnu-tools-for-stm32.13.3.rel1.win32_1.0.100.202509120712/tools/bin/../lib/gcc/arm-none-eabi/13.3.1/../../../../arm-none-eabi/lib/thumb/v6-m/nofp\libc_nano.a(libc_a-findfp.o)
 .text.stdio_exit_handler
                0x08004034       0x1c C:/ST/STM32CubeIDE_2.0.0/STM32CubeIDE/plugins/com.st.stm32cube.ide.mcu.externaltools.gnu-tools-for-stm32.13.3.rel1.win32_1.0.100.202509120712/tools/bin/../lib/gcc/arm-none-eabi/13.3.1/../../../../arm-none-eabi/lib/thumb/v6-m/nofp\libc_nano.a(libc_a-findfp.o)
 .text.cleanup_stdio
                0x08004050       0x3c C:/ST/STM32CubeIDE_2.0.0/STM32CubeIDE/plugins/com.st.stm32cube.ide.mcu.externaltools.gnu-tools-for-stm32.13.3.rel1.win32_1.0.100.202509120712/tools/bin/../lib/gcc/arm-none-eabi/13.3.1/../../../../arm-none-eabi/lib/thumb/v6-m/nofp\libc_nano.a(libc_a-findfp.o)
 .text.global_stdio_init.part.0
                0x0800408c       0x3c C:/ST/STM32CubeIDE_2.0.0/STM32CubeIDE/plugins/com.st.stm32cube.ide.mcu.externaltools.gnu-tools-for-stm32.13.3.rel1.win32_1.0.100.202509120712/tools/bin/../lib/gcc/arm-none-eabi/13.3.1/../../../../arm-none-eabi/lib/thumb/v6-m/nofp\libc_nano.a(libc_a-findfp.o)
 .text.__sfp_lock_acquire
                0x080040c8       0x10 C:/ST/STM32CubeIDE_2.0.0/STM32CubeIDE/plugins/com.st.stm32cube.ide.mcu.externaltools.gnu-tools-for-stm32.13.3.rel1.win32_1.0.100.202509120712/tools/bin/../lib/gcc/arm-none-eabi/13.3.1/../../../../arm-none-eabi/lib/thumb/v6-m/nofp\libc_nano.a(libc_a-findfp.o)
                0x080040c8                __sfp_lock_acquire
 .text.__sfp_lock_release
                0x080040d8       0x10 C:/ST/STM32CubeIDE_2.0.0/STM32CubeIDE/plugins/com.st.stm32cube.ide.mcu.externaltools.gnu-tools-for-stm32.13.3.rel1.win32_1.0.100.202509120712/tools/bin/../lib/gcc/arm-none-eabi/13.3.1/../../../../arm-none-eabi/lib/thumb/v6-m/nofp\libc_nano.a(libc_a-findfp.o)
                0x080040d8                __sfp_lock_release
 .text.__sinit  0x080040e8       0x30 C:/ST/STM32CubeIDE_2.0.0/STM32CubeIDE/plugins/com.st.stm32cube.ide.mcu.externaltools.gnu-tools-for-stm32.13.3.rel1.win32_1.0.100.202509120712/tools/bin/../lib/gcc/arm-none-eabi/13.3.1/../../../../arm-none-eabi/lib/thumb/v6-m/nofp\libc_nano.a(libc_a-findfp.o)
                0x080040e8                __sinit
 .text._fwalk_sglue
                0x08004118       0x38 C:/ST/STM32CubeIDE_2.0.0/STM32CubeIDE/plugins/com.st.stm32cube.ide.mcu.externaltools.gnu-tools-for-stm32.13.3.rel1.win32_1.0.100.202509120712/tools/bin/../lib/gcc/arm-none-eabi/13.3.1/../../../../arm-none-eabi/lib/thumb/v6-m/nofp\libc_nano.a(libc_a-fwalk.o)
                0x08004118                _fwalk_sglue
 .text.printf   0x08004150       0x20 C:/ST/STM32CubeIDE_2.0.0/STM32CubeIDE/plugins/com.st.stm32cube.ide.mcu.externaltools.gnu-tools-for-stm32.13.3.rel1.win32_1.0.100.202509120712/tools/bin/../lib/gcc/arm-none-eabi/13.3.1/../../../../arm-none-eabi/lib/thumb/v6-m/nofp\libc_nano.a(libc_a-printf.o)
                0x08004150                iprintf
                0x08004150                printf
 .text._puts_r  0x08004170       0xac C:/ST/STM32CubeIDE_2.0.0/STM32CubeIDE/plugins/com.st.stm32cube.ide.mcu.externaltools.gnu-tools-for-stm32.13.3.rel1.win32_1.0.100.202509120712/tools/bin/../lib/gcc/arm-none-eabi/13.3.1/../../../../arm-none-eabi/lib/thumb/v6-m/nofp\libc_nano.a(libc_a-puts.o)
                0x08004170                _puts_r
 .text.puts     0x0800421c       0x14 C:/ST/STM32CubeIDE_2.0.0/STM32CubeIDE/plugins/com.st.stm32cube.ide.mcu.externaltools.gnu-tools-for-stm32.13.3.rel1.win32_1.0.100.202509120712/tools/bin/../lib/gcc/arm-none-eabi/13.3.1/../../../../arm-none-eabi/lib/thumb/v6-m/nofp\libc_nano.a(libc_a-puts.o)
                0x0800421c                puts
 .text.__sread  0x08004230       0x28 C:/ST/STM32CubeIDE_2.0.0/STM32CubeIDE/plugins/com.st.stm32cube.ide.mcu.externaltools.gnu-tools-for-stm32.13.3.rel1.win32_1.0.100.202509120712/tools/bin/../lib/gcc/arm-none-eabi/13.3.1/../../../../arm-none-eabi/lib/thumb/v6-m/nofp\libc_nano.a(libc_a-stdio.o)
                0x08004230                __sread
 .text.__swrite
                0x08004258       0x38 C:/ST/STM32CubeIDE_2.0.0/STM32CubeIDE/plugins/com.st.stm32cube.ide.mcu.externaltools.gnu-tools-for-stm32.13.3.rel1.win32_1.0.100.202509120712/tools/bin/../lib/gcc/arm-none-eabi/13.3.1/../../../../arm-none-eabi/lib/thumb/v6-m/nofp\libc_nano.a(libc_a-stdio.o)
                0x08004258                __swrite
 .text.__sseek  0x08004290       0x2c C:/ST/STM32CubeIDE_2.0.0/STM32CubeIDE/plugins/com.st.stm32cube.ide.mcu.externaltools.gnu-tools-for-stm32.13.3.rel1.win32_1.0.100.202509120712/tools/bin/../lib/gcc/arm-none-eabi/13.3.1/../../../../arm-none-eabi/lib/thumb/v6-m/nofp\libc_nano.a(libc_a-stdio.o)
                0x08004290                __sseek
 .text.__sclose
                0x080042bc        0xc C:/ST/STM32CubeIDE_2.0.0/STM32CubeIDE/plugins/com.st.stm32cube.ide.mcu.externaltools.gnu-tools-for-stm32.13.3.rel1.win32_1.0.100.202509120712/tools/bin/../lib/gcc/arm-none-eabi/13.3.1/../../../../arm-none-eabi/lib/thumb/v6-m/nofp\libc_nano.a(libc_a-stdio.o)
                0x080042bc                __sclose
 .text.__swbuf_r
                0x080042c8       0x84 C:/ST/STM32CubeIDE_2.0.0/STM32CubeIDE/plugins/com.st.stm32cube.ide.mcu.externaltools.gnu-tools-for-stm32.13.3.rel1.win32_1.0.100.202509120712/tools/bin/../lib/gcc/arm-none-eabi/13.3.1/../../../../arm-none-eabi/lib/thumb/v6-m/nofp\libc_nano.a(libc_a-wbuf.o)
                0x080042c8                __swbuf_r
 .text.__swsetup_r
                0x0800434c       0xbc C:/ST/STM32CubeIDE_2.0.0/STM32CubeIDE/plugins/com.st.stm32cube.ide.mcu.externaltools.gnu-tools-for-stm32.13.3.rel1.win32_1.0.100.202509120712/tools/bin/../lib/gcc/arm-none-eabi/13.3.1/../../../../arm-none-eabi/lib/thumb/v6-m/nofp\libc_nano.a(libc_a-wsetup.o)
                0x0800434c                __swsetup_r
 .text.memset   0x08004408       0x10 C:/ST/STM32CubeIDE_2.0.0/STM32CubeIDE/plugins/com.st.stm32cube.ide.mcu.externaltools.gnu-tools-for-stm32.13.3.rel1.win32_1.0.100.202509120712/tools/bin/../lib/gcc/arm-none-eabi/13.3.1/../../../../arm-none-eabi/lib/thumb/v6-m/nofp\libc_nano.a(libc_a-memset.o)
                0x08004408                memset
 .text._close_r
                0x08004418       0x24 C:/ST/STM32CubeIDE_2.0.0/STM32CubeIDE/plugins/com.st.stm32cube.ide.mcu.externaltools.gnu-tools-for-stm32.13.3.rel1.win32_1.0.100.202509120712/tools/bin/../lib/gcc/arm-none-eabi/13.3.1/../../../../arm-none-eabi/lib/thumb/v6-m/nofp\libc_nano.a(libc_a-closer.o)
                0x08004418                _close_r
 .text._lseek_r
                0x0800443c       0x28 C:/ST/STM32CubeIDE_2.0.0/STM32CubeIDE/plugins/com.st.stm32cube.ide.mcu.externaltools.gnu-tools-for-stm32.13.3.rel1.win32_1.0.100.202509120712/tools/bin/../lib/gcc/arm-none-eabi/13.3.1/../../../../arm-none-eabi/lib/thumb/v6-m/nofp\libc_nano.a(libc_a-lseekr.o)
                0x0800443c                _lseek_r
 .text._read_r  0x08004464       0x28 C:/ST/STM32CubeIDE_2.0.0/STM32CubeIDE/plugins/com.st.stm32cube.ide.mcu.externaltools.gnu-tools-for-stm32.13.3.rel1.win32_1.0.100.202509120712/tools/bin/../lib/gcc/arm-none-eabi/13.3.1/../../../../arm-none-eabi/lib/thumb/v6-m/nofp\libc_nano.a(libc_a-readr.o)
                0x08004464                _read_r
 .text._sbrk_r  0x0800448c       0x24 C:/ST/STM32CubeIDE_2.0.0/STM32CubeIDE/plugins/com.st.stm32cube.ide.mcu.externaltools.gnu-tools-for-stm32.13.3.rel1.win32_1.0.100.202509120712/tools/bin/../lib/gcc/arm-none-eabi/13.3.1/../../../../arm-none-eabi/lib/thumb/v6-m/nofp\libc_nano.a(libc_a-sbrkr.o)
                0x0800448c                _sbrk_r
 .text._write_r
                0x080044b0       0x28 C:/ST/STM32CubeIDE_2.0.0/STM32CubeIDE/plugins/com.st.stm32cube.ide.mcu.externaltools.gnu-tools-for-stm32.13.3.rel1.win32_1.0.100.202509120712/tools/bin/../lib/gcc/arm-none-eabi/13.3.1/../../../../arm-none-eabi/lib/thumb/v6-m/nofp\libc_nano.a(libc_a-writer.o)
                0x080044b0                _write_r
 .text.__errno  0x080044d8        0xc C:/ST/STM32CubeIDE_2.0.0/STM32CubeIDE/plugins/com.st.stm32cube.ide.mcu.externaltools.gnu-tools-for-stm32.13.3.rel1.win32_1.0.100.202509120712/tools/bin/../lib/gcc/arm-none-eabi/13.3.1/../../../../arm-none-eabi/lib/thumb/v6-m/nofp\libc_nano.a(libc_a-errno.o)
                0x080044d8                __errno
 .text.__libc_init_array
                0x080044e4       0x48 C:/ST/STM32CubeIDE_2.0.0/STM32CubeIDE/plugins/com.st.stm32cube.ide.mcu.externaltools.gnu-tools-for-stm32.13.3.rel1.win32_1.0.100.202509120712/tools/bin/../lib/gcc/arm-none-eabi/13.3.1/../../../../arm-none-eabi/lib/thumb/v6-m/nofp\libc_nano.a(libc_a-init.o)
                0x080044e4                __libc_init_array
 .text.__retarget_lock_init_recursive
                0x0800452c        0x2 C:/ST/STM32CubeIDE_2.0.0/STM32CubeIDE/plugins/com.st.stm32cube.ide.mcu.externaltools.gnu-tools-for-stm32.13.3.rel1.win32_1.0.100.202509120712/tools/bin/../lib/gcc/arm-none-eabi/13.3.1/../../../../arm-none-eabi/lib/thumb/v6-m/nofp\libc_nano.a(libc_a-lock.o)
                0x0800452c                __retarget_lock_init_recursive
 .text.__retarget_lock_acquire_recursive
                0x0800452e        0x2 C:/ST/STM32CubeIDE_2.0.0/STM32CubeIDE/plugins/com.st.stm32cube.ide.mcu.externaltools.gnu-tools-for-stm32.13.3.rel1.win32_1.0.100.202509120712/tools/bin/../lib/gcc/arm-none-eabi/13.3.1/../../../../arm-none-eabi/lib/thumb/v6-m/nofp\libc_nano.a(libc_a-lock.o)
                0x0800452e                __retarget_lock_acquire_recursive
 .text.__retarget_lock_release_recursive
                0x08004530        0x2 C:/ST/STM32CubeIDE_2.0.0/STM32CubeIDE/plugins/com.st.stm32cube.ide.mcu.externaltools.gnu-tools-for-stm32.13.3.rel1.win32_1.0.100.202509120712/tools/bin/../lib/gcc/arm-none-eabi/13.3.1/../../../../arm-none-eabi/lib/thumb/v6-m/nofp\libc_nano.a(libc_a-lock.o)
                0x08004530                __retarget_lock_release_recursive
 .text.memcpy   0x08004532       0x12 C:/ST/STM32CubeIDE_2.0.0/STM32CubeIDE/plugins/com.st.stm32cube.ide.mcu.externaltools.gnu-tools-for-stm32.13.3.rel1.win32_1.0.100.202509120712/tools/bin/../lib/gcc/arm-none-eabi/13.3.1/../../../../arm-none-eabi/lib/thumb/v6-m/nofp\libc_nano.a(libc_a-memcpy-stub.o)
                0x08004532                memcpy
 .text._free_r  0x08004544       0x94 C:/ST/STM32CubeIDE_2.0.0/STM32CubeIDE/plugins/com.st.stm32cube.ide.mcu.externaltools.gnu-tools-for-stm32.13.3.rel1.win32_1.0.100.202509120712/tools/bin/../lib/gcc/arm-none-eabi/13.3.1/../../../../arm-none-eabi/lib/thumb/v6-m/nofp\libc_nano.a(libc_a-freer.o)
                0x08004544                _free_r
 .text.__sfputc_r
                0x080045d8       0x2a C:/ST/STM32CubeIDE_2.0.0/STM32CubeIDE/plugins/com.st.stm32cube.ide.mcu.externaltools.gnu-tools-for-stm32.13.3.rel1.win32_1.0.100.202509120712/tools/bin/../lib/gcc/arm-none-eabi/13.3.1/../../../../arm-none-eabi/lib/thumb/v6-m/nofp\libc_nano.a(libc_a-nano-vfprintf.o)
 .text.__sfputs_r
                0x08004602       0x24 C:/ST/STM32CubeIDE_2.0.0/STM32CubeIDE/plugins/com.st.stm32cube.ide.mcu.externaltools.gnu-tools-for-stm32.13.3.rel1.win32_1.0.100.202509120712/tools/bin/../lib/gcc/arm-none-eabi/13.3.1/../../../../arm-none-eabi/lib/thumb/v6-m/nofp\libc_nano.a(libc_a-nano-vfprintf.o)
                0x08004602                __sfputs_r
 *fill*         0x08004626        0x2 
 .text._vfprintf_r
                0x08004628      0x238 C:/ST/STM32CubeIDE_2.0.0/STM32CubeIDE/plugins/com.st.stm32cube.ide.mcu.externaltools.gnu-tools-for-stm32.13.3.rel1.win32_1.0.100.202509120712/tools/bin/../lib/gcc/arm-none-eabi/13.3.1/../../../../arm-none-eabi/lib/thumb/v6-m/nofp\libc_nano.a(libc_a-nano-vfprintf.o)
                0x08004628                _vfprintf_r
                0x08004628                _vfiprintf_r
 .text._printf_common
                0x08004860       0xde C:/ST/STM32CubeIDE_2.0.0/STM32CubeIDE/plugins/com.st.stm32cube.ide.mcu.externaltools.gnu-tools-for-stm32.13.3.rel1.win32_1.0.100.202509120712/tools/bin/../lib/gcc/arm-none-eabi/13.3.1/../../../../arm-none-eabi/lib/thumb/v6-m/nofp\libc_nano.a(libc_a-nano-vfprintf_i.o)
                0x08004860                _printf_common
 *fill*         0x0800493e        0x2 
 .text._printf_i
                0x08004940      0x218 C:/ST/STM32CubeIDE_2.0.0/STM32CubeIDE/plugins/com.st.stm32cube.ide.mcu.externaltools.gnu-tools-for-stm32.13.3.rel1.win32_1.0.100.202509120712/tools/bin/../lib/gcc/arm-none-eabi/13.3.1/../../../../arm-none-eabi/lib/thumb/v6-m/nofp\libc_nano.a(libc_a-nano-vfprintf_i.o)
                0x08004940                _printf_i
 .text.__sflush_r
                0x08004b58      0x10c C:/ST/STM32CubeIDE_2.0.0/STM32CubeIDE/plugins/com.st.stm32cube.ide.mcu.externaltools.gnu-tools-for-stm32.13.3.rel1.win32_1.0.100.202509120712/tools/bin/../lib/gcc/arm-none-eabi/13.3.1/../../../../arm-none-eabi/lib/thumb/v6-m/nofp\libc_nano.a(libc_a-fflush.o)
                0x08004b58                __sflush_r
 .text._fflush_r
                0x08004c64       0x56 C:/ST/STM32CubeIDE_2.0.0/STM32CubeIDE/plugins/com.st.stm32cube.ide.mcu.externaltools.gnu-tools-for-stm32.13.3.rel1.win32_1.0.100.202509120712/tools/bin/../lib/gcc/arm-none-eabi/13.3.1/../../../../arm-none-eabi/lib/thumb/v6-m/nofp\libc_nano.a(libc_a-fflush.o)
                0x08004c64                _fflush_r
 *fill*         0x08004cba        0x2 
 .text.__swhatbuf_r
                0x08004cbc       0x54 C:/ST/STM32CubeIDE_2.0.0/STM32CubeIDE/plugins/com.st.stm32cube.ide.mcu.externaltools.gnu-tools-for-stm32.13.3.rel1.win32_1.0.100.202509120712/tools/bin/../lib/gcc/arm-none-eabi/13.3.1/../../../../arm-none-eabi/lib/thumb/v6-m/nofp\libc_nano.a(libc_a-makebuf.o)
                0x08004cbc                __swhatbuf_r
 .text.__smakebuf_r
                0x08004d10       0x82 C:/ST/STM32CubeIDE_2.0.0/STM32CubeIDE/plugins/com.st.stm32cube.ide.mcu.externaltools.gnu-tools-for-stm32.13.3.rel1.win32_1.0.100.202509120712/tools/bin/../lib/gcc/arm-none-eabi/13.3.1/../../../../arm-none-eabi/lib/thumb/v6-m/nofp\libc_nano.a(libc_a-makebuf.o)
                0x08004d10                __smakebuf_r
 *fill*         0x08004d92        0x2 
 .text._fstat_r
                0x08004d94       0x24 C:/ST/STM32CubeIDE_2.0.0/STM32CubeIDE/plugins/com.st.stm32cube.ide.mcu.externaltools.gnu-tools-for-stm32.13.3.rel1.win32_1.0.100.202509120712/tools/bin/../lib/gcc/arm-none-eabi/13.3.1/../../../../arm-none-eabi/lib/thumb/v6-m/nofp\libc_nano.a(libc_a-fstatr.o)
                0x08004d94                _fstat_r
 .text._isatty_r
                0x08004db8       0x24 C:/ST/STM32CubeIDE_2.0.0/STM32CubeIDE/plugins/com.st.stm32cube.ide.mcu.externaltools.gnu-tools-for-stm32.13.3.rel1.win32_1.0.100.202509120712/tools/bin/../lib/gcc/arm-none-eabi/13.3.1/../../../../arm-none-eabi/lib/thumb/v6-m/nofp\libc_nano.a(libc_a-isattyr.o)
                0x08004db8                _isatty_r
 .text.memchr   0x08004ddc       0x16 C:/ST/STM32CubeIDE_2.0.0/STM32CubeIDE/plugins/com.st.stm32cube.ide.mcu.externaltools.gnu-tools-for-stm32.13.3.rel1.win32_1.0.100.202509120712/tools/bin/../lib/gcc/arm-none-eabi/13.3.1/../../../../arm-none-eabi/lib/thumb/v6-m/nofp\libc_nano.a(libc_a-memchr-stub.o)
                0x08004ddc                memchr
 *(.glue_7)
 .glue_7        0x08004df2        0x0 linker stubs
 *(.glue_7t)
 .glue_7t       0x08004df2        0x0 linker stubs
 *(.eh_frame)
 *fill*         0x08004df2        0x2 
 .eh_frame      0x08004df4        0x0 C:/ST/STM32CubeIDE_2.0.0/STM32CubeIDE/plugins/com.st.stm32cube.ide.mcu.externaltools.gnu-tools-for-stm32.13.3.rel1.win32_1.0.100.202509120712/tools/bin/../lib/gcc/arm-none-eabi/13.3.1/thumb/v6-m/nofp/crtbegin.o
 *(.init)
 .init          0x08004df4        0x4 C:/ST/STM32CubeIDE_2.0.0/STM32CubeIDE/plugins/com.st.stm32cube.ide.mcu.externaltools.gnu-tools-for-stm32.13.3.rel1.win32_1.0.100.202509120712/tools/bin/../lib/gcc/arm-none-eabi/13.3.1/thumb/v6-m/nofp/crti.o
                0x08004df4                _init
 .init          0x08004df8        0x8 C:/ST/STM32CubeIDE_2.0.0/STM32CubeIDE/plugins/com.st.stm32cube.ide.mcu.externaltools.gnu-tools-for-stm32.13.3.rel1.win32_1.0.100.202509120712/tools/bin/../lib/gcc/arm-none-eabi/13.3.1/thumb/v6-m/nofp/crtn.o
 *(.fini)
 .fini          0x08004e00        0x4 C:/ST/STM32CubeIDE_2.0.0/STM32CubeIDE/plugins/com.st.stm32cube.ide.mcu.externaltools.gnu-tools-for-stm32.13.3.rel1.win32_1.0.100.202509120712/tools/bin/../lib/gcc/arm-none-eabi/13.3.1/thumb/v6-m/nofp/crti.o
                0x08004e00                _fini
 .fini          0x08004e04        0x8 C:/ST/STM32CubeIDE_2.0.0/STM32CubeIDE/plugins/com.st.stm32cube.ide.mcu.externaltools.gnu-tools-for-stm32.13.3.rel1.win32_1.0.100.202509120712/tools/bin/../lib/gcc/arm-none-eabi/13.3.1/thumb/v6-m/nofp/crtn.o
                0x08004e0c                        . = ALIGN (0x4)
                0x08004e0c                        _etext = .

.vfp11_veneer   0x08004e0c        0x0
 .vfp11_veneer  0x08004e0c        0x0 linker stubs

.v4_bx          0x08004e0c        0x0
 .v4_bx         0x08004e0c        0x0 linker stubs

.iplt           0x08004e0c        0x0
 .iplt          0x08004e0c        0x0 C:/ST/STM32CubeIDE_2.0.0/STM32CubeIDE/plugins/com.st.stm32cube.ide.mcu.externaltools.gnu-tools-for-stm32.13.3.rel1.win32_1.0.100.202509120712/tools/bin/../lib/gcc/arm-none-eabi/13.3.1/thumb/v6-m/nofp/crtbegin.o

.rodata         0x08004e0c     0x118c
                0x08004e0c                        . = ALIGN (0x4)
 *(.rodata)
 .rodata        0x08004e0c       0xeb ./Core/Src/main.o
 *(.rodata*)
 *fill*         0x08004ef7        0x1 
 .rodata.color_value
                0x08004ef8     0x1000 ./Core/Src/color_values.o
                0x08004ef8                color_value
 .rodata.AHBPrescTable
                0x08005ef8       0x10 ./Core/Src/system_stm32f0xx.o
                0x08005ef8                AHBPrescTable
 .rodata.APBPrescTable
                0x08005f08        0x8 ./Core/Src/system_stm32f0xx.o
                0x08005f08                APBPrescTable
 .rodata.led_line_colors
                0x08005f10       0x2d ./Core/Src/ws2812_demos.o
                0x08005f10                led_line_colors
 *fill*         0x08005f3d        0x3 
 .rodata.led_interval.0
                0x08005f40        0x4 ./Core/Src/ws2812_demos.o
 .rodata.aPLLMULFactorTable.1
                0x08005f44       0x10 ./Drivers/STM32F0xx_HAL_Driver/Src/stm32f0xx_hal_rcc.o
 .rodata.aPredivFactorTable.0
                0x08005f54       0x10 ./Drivers/STM32F0xx_HAL_Driver/Src/stm32f0xx_hal_rcc.o
 .rodata._vfprintf_r.str1.1
                0x08005f64       0x33 C:/ST/STM32CubeIDE_2.0.0/STM32CubeIDE/plugins/com.st.stm32cube.ide.mcu.externaltools.gnu-tools-for-stm32.13.3.rel1.win32_1.0.100.202509120712/tools/bin/../lib/gcc/arm-none-eabi/13.3.1/../../../../arm-none-eabi/lib/thumb/v6-m/nofp\libc_nano.a(libc_a-nano-vfprintf.o)
                                 0x11 (size before relaxing)
 .rodata._printf_i.str1.1
                0x08005f97        0x0 C:/ST/STM32CubeIDE_2.0.0/STM32CubeIDE/plugins/com.st.stm32cube.ide.mcu.externaltools.gnu-tools-for-stm32.13.3.rel1.win32_1.0.100.202509120712/tools/bin/../lib/gcc/arm-none-eabi/13.3.1/../../../../arm-none-eabi/lib/thumb/v6-m/nofp\libc_nano.a(libc_a-nano-vfprintf_i.o)
                                 0x22 (size before relaxing)
                0x08005f98                        . = ALIGN (0x4)
 *fill*         0x08005f97        0x1 

.ARM.extab      0x08005f98        0x0
                0x08005f98                        . = ALIGN (0x4)
 *(.ARM.extab* .gnu.linkonce.armextab.*)
                0x08005f98                        . = ALIGN (0x4)

.ARM            0x08005f98        0x0
                0x08005f98                        . = ALIGN (0x4)
                0x08005f98                        __exidx_start = .
 *(.ARM.exidx*)
                0x08005f98                        __exidx_end = .
                0x08005f98                        . = ALIGN (0x4)

.preinit_array  0x08005f98        0x0
                0x08005f98                        . = ALIGN (0x4)
                0x08005f98                        PROVIDE (__preinit_array_start = .)
 *(.preinit_array*)
                0x08005f98                        PROVIDE (__preinit_array_end = .)
                0x08005f98                        . = ALIGN (0x4)

.init_array     0x08005f98        0x4
                0x08005f98                        . = ALIGN (0x4)
                0x08005f98                        PROVIDE (__init_array_start = .)
 *(SORT_BY_NAME(.init_array.*))
 *(.init_array*)
 .init_array    0x08005f98        0x4 C:/ST/STM32CubeIDE_2.0.0/STM32CubeIDE/plugins/com.st.stm32cube.ide.mcu.externaltools.gnu-tools-for-stm32.13.3.rel1.win32_1.0.100.202509120712/tools/bin/../lib/gcc/arm-none-eabi/13.3.1/thumb/v6-m/nofp/crtbegin.o
                0x08005f9c                        PROVIDE (__init_array_end = .)
                0x08005f9c                        . = ALIGN (0x4)

.fini_array     0x08005f9c        0x4
                0x08005f9c                        . = ALIGN (0x4)
                [!provide]                        PROVIDE (__fini_array_start = .)
 *(SORT_BY_NAME(.fini_array.*))
 *(.fini_array*)
 .fini_array    0x08005f9c        0x4 C:/ST/STM32CubeIDE_2.0.0/STM32CubeIDE/plugins/com.st.stm32cube.ide.mcu.externaltools.gnu-tools-for-stm32.13.3.rel1.win32_1.0.100.202509120712/tools/bin/../lib/gcc/arm-none-eabi/13.3.1/thumb/v6-m/nofp/crtbegin.o
                [!provide]                        PROVIDE (__fini_array_end = .)
                0x08005fa0                        . = ALIGN (0x4)
                0x08005fa0                        _sidata = LOADADDR (.data)

.rel.dyn        0x08005fa0        0x0
 .rel.iplt      0x08005fa0        0x0 C:/ST/STM32CubeIDE_2.0.0/STM32CubeIDE/plugins/com.st.stm32cube.ide.mcu.externaltools.gnu-tools-for-stm32.13.3.rel1.win32_1.0.100.202509120712/tools/bin/../lib/gcc/arm-none-eabi/13.3.1/thumb/v6-m/nofp/crtbegin.o

.data           0x20000000       0x70 load address 0x08005fa0
                0x20000000                        . = ALIGN (0x4)
                0x20000000                        _sdata = .
 *(.data)
 *(.data*)
 .data.mode     0x20000000        0x1 ./Core/Src/main.o
                0x20000000                mode
 *fill*         0x20000001        0x3 
 .data.SystemCoreClock
                0x20000004        0x4 ./Core/Src/system_stm32f0xx.o
                0x20000004                SystemCoreClock
 .data.next_led.4
                0x20000008        0x4 ./Core/Src/ws2812_demos.o
 .data.uwTickPrio
                0x2000000c        0x4 ./Drivers/STM32F0xx_HAL_Driver/Src/stm32f0xx_hal.o
                0x2000000c                uwTickPrio
 .data.uwTickFreq
                0x20000010        0x1 ./Drivers/STM32F0xx_HAL_Driver/Src/stm32f0xx_hal.o
                0x20000010                uwTickFreq
 *fill*         0x20000011        0x3 
 .data.__sglue  0x20000014        0xc C:/ST/STM32CubeIDE_2.0.0/STM32CubeIDE/plugins/com.st.stm32cube.ide.mcu.externaltools.gnu-tools-for-stm32.13.3.rel1.win32_1.0.100.202509120712/tools/bin/../lib/gcc/arm-none-eabi/13.3.1/../../../../arm-none-eabi/lib/thumb/v6-m/nofp\libc_nano.a(libc_a-findfp.o)
                0x20000014                __sglue
 .data._impure_ptr
                0x20000020        0x4 C:/ST/STM32CubeIDE_2.0.0/STM32CubeIDE/plugins/com.st.stm32cube.ide.mcu.externaltools.gnu-tools-for-stm32.13.3.rel1.win32_1.0.100.202509120712/tools/bin/../lib/gcc/arm-none-eabi/13.3.1/../../../../arm-none-eabi/lib/thumb/v6-m/nofp\libc_nano.a(libc_a-impure.o)
                0x20000020                _impure_ptr
 .data._impure_data
                0x20000024       0x4c C:/ST/STM32CubeIDE_2.0.0/STM32CubeIDE/plugins/com.st.stm32cube.ide.mcu.externaltools.gnu-tools-for-stm32.13.3.rel1.win32_1.0.100.202509120712/tools/bin/../lib/gcc/arm-none-eabi/13.3.1/../../../../arm-none-eabi/lib/thumb/v6-m/nofp\libc_nano.a(libc_a-impure.o)
                0x20000024                _impure_data
 *(.RamFunc)
 *(.RamFunc*)
                0x20000070                        . = ALIGN (0x4)
                0x20000070                        _edata = .

.igot.plt       0x20000070        0x0 load address 0x08006010
 .igot.plt      0x20000070        0x0 C:/ST/STM32CubeIDE_2.0.0/STM32CubeIDE/plugins/com.st.stm32cube.ide.mcu.externaltools.gnu-tools-for-stm32.13.3.rel1.win32_1.0.100.202509120712/tools/bin/../lib/gcc/arm-none-eabi/13.3.1/thumb/v6-m/nofp/crtbegin.o
                0x20000070                        . = ALIGN (0x4)

.bss            0x20000070      0x310 load address 0x08006010
                0x20000070                        _sbss = .
                0x20000070                        __bss_start__ = _sbss
 *(.bss)
 .bss           0x20000070       0x1c C:/ST/STM32CubeIDE_2.0.0/STM32CubeIDE/plugins/com.st.stm32cube.ide.mcu.externaltools.gnu-tools-for-stm32.13.3.rel1.win32_1.0.100.202509120712/tools/bin/../lib/gcc/arm-none-eabi/13.3.1/thumb/v6-m/nofp/crtbegin.o
 *(.bss*)
 .bss.htim3     0x2000008c       0x48 ./Core/Src/main.o
                0x2000008c                htim3
 .bss.hdma_tim3_ch1_trig
                0x200000d4       0x44 ./Core/Src/main.o
                0x200000d4                hdma_tim3_ch1_trig
 .bss.huart1    0x20000118       0x88 ./Core/Src/main.o
                0x20000118                huart1
 .bss.ws2812    0x200001a0       0x80 ./Core/Src/main.o
                0x200001a0                ws2812
 .bss.__sbrk_heap_end
                0x20000220        0x4 ./Core/Src/sysmem.o
 .bss.active_demo
                0x20000224        0x1 ./Core/Src/ws2812_demos.o
                0x20000224                active_demo
 *fill*         0x20000225        0x1 
 .bss.line_led.3
                0x20000226        0x2 ./Core/Src/ws2812_demos.o
 .bss.line_color.2
                0x20000228        0x1 ./Core/Src/ws2812_demos.o
 *fill*         0x20000229        0x3 
 .bss.line_count.1
                0x2000022c        0x4 ./Core/Src/ws2812_demos.o
 .bss.uwTick    0x20000230        0x4 ./Drivers/STM32F0xx_HAL_Driver/Src/stm32f0xx_hal.o
                0x20000230                uwTick
 .bss.__malloc_sbrk_start
                0x20000234        0x4 C:/ST/STM32CubeIDE_2.0.0/STM32CubeIDE/plugins/com.st.stm32cube.ide.mcu.externaltools.gnu-tools-for-stm32.13.3.rel1.win32_1.0.100.202509120712/tools/bin/../lib/gcc/arm-none-eabi/13.3.1/../../../../arm-none-eabi/lib/thumb/v6-m/nofp\libc_nano.a(libc_a-mallocr.o)
                0x20000234                __malloc_sbrk_start
 .bss.__malloc_free_list
                0x20000238        0x4 C:/ST/STM32CubeIDE_2.0.0/STM32CubeIDE/plugins/com.st.stm32cube.ide.mcu.externaltools.gnu-tools-for-stm32.13.3.rel1.win32_1.0.100.202509120712/tools/bin/../lib/gcc/arm-none-eabi/13.3.1/../../../../arm-none-eabi/lib/thumb/v6-m/nofp\libc_nano.a(libc_a-mallocr.o)
                0x20000238                __malloc_free_list
 .bss.__sf      0x2000023c      0x138 C:/ST/STM32CubeIDE_2.0.0/STM32CubeIDE/plugins/com.st.stm32cube.ide.mcu.externaltools.gnu-tools-for-stm32.13.3.rel1.win32_1.0.100.202509120712/tools/bin/../lib/gcc/arm-none-eabi/13.3.1/../../../../arm-none-eabi/lib/thumb/v6-m/nofp\libc_nano.a(libc_a-findfp.o)
                0x2000023c                __sf
 .bss.__stdio_exit_handler
                0x20000374        0x4 C:/ST/STM32CubeIDE_2.0.0/STM32CubeIDE/plugins/com.st.stm32cube.ide.mcu.externaltools.gnu-tools-for-stm32.13.3.rel1.win32_1.0.100.202509120712/tools/bin/../lib/gcc/arm-none-eabi/13.3.1/../../../../arm-none-eabi/lib/thumb/v6-m/nofp\libc_nano.a(libc_a-findfp.o)
                0x20000374                __stdio_exit_handler
 .bss.errno     0x20000378        0x4 C:/ST/STM32CubeIDE_2.0.0/STM32CubeIDE/plugins/com.st.stm32cube.ide.mcu.externaltools.gnu-tools-for-stm32.13.3.rel1.win32_1.0.100.202509120712/tools/bin/../lib/gcc/arm-none-eabi/13.3.1/../../../../arm-none-eabi/lib/thumb/v6-m/nofp\libc_nano.a(libc_a-reent.o)
                0x20000378                errno
 .bss.__lock___malloc_recursive_mutex
                0x2000037c        0x1 C:/ST/STM32CubeIDE_2.0.0/STM32CubeIDE/plugins/com.st.stm32cube.ide.mcu.externaltools.gnu-tools-for-stm32.13.3.rel1.win32_1.0.100.202509120712/tools/bin/../lib/gcc/arm-none-eabi/13.3.1/../../../../arm-none-eabi/lib/thumb/v6-m/nofp\libc_nano.a(libc_a-lock.o)
                0x2000037c                __lock___malloc_recursive_mutex
 .bss.__lock___sfp_recursive_mutex
                0x2000037d        0x1 C:/ST/STM32CubeIDE_2.0.0/STM32CubeIDE/plugins/com.st.stm32cube.ide.mcu.externaltools.gnu-tools-for-stm32.13.3.rel1.win32_1.0.100.202509120712/tools/bin/../lib/gcc/arm-none-eabi/13.3.1/../../../../arm-none-eabi/lib/thumb/v6-m/nofp\libc_nano.a(libc_a-lock.o)
                0x2000037d                __lock___sfp_recursive_mutex
 *(COMMON)
                0x20000380                        . = ALIGN (0x4)
 *fill*         0x2000037e        0x2 
                0x20000380                        _ebss = .
                0x20000380                        __bss_end__ = _ebss

._user_heap_stack
                0x20000380      0x600 load address 0x08006010
                0x20000380                        . = ALIGN (0x8)
                [!provide]                        PROVIDE (end = .)
                0x20000380                        PROVIDE (_end = .)
                0x20000580                        . = (. + _Min_Heap_Size)
 *fill*         0x20000380      0x200 
                0x20000980                        . = (. + _Min_Stack_Size)
 *fill*         0x20000580      0x400 
                0x20000980                        . = ALIGN (0x8)

/DISCARD/
 libc.a(*)
 libm.a(*)
 libgcc.a(*)

.ARM.attributes
                0x00000000       0x28
 *(.ARM.attributes)
 .ARM.attributes
                0x00000000       0x1e C:/ST/STM32CubeIDE_2.0.0/STM32CubeIDE/plugins/com.st.stm32cube.ide.mcu.externaltools.gnu-tools-for-stm32.13.3.rel1.win32_1.0.100.202509120712/tools/bin/../lib/gcc/arm-none-eabi/13.3.1/thumb/v6-m/nofp/crti.o
 .ARM.attributes
                0x0000001e       0x2c C:/ST/STM32CubeIDE_2.0.0/STM32CubeIDE/plugins/com.st.stm32cube.ide.mcu.externaltools.gnu-tools-for-stm32.13.3.rel1.win32_1.0.100.202509120712/tools/bin/../lib/gcc/arm-none-eabi/13.3.1/thumb/v6-m/nofp/crtbegin.o
 .ARM.attributes
                0x0000004a       0x2c ./Core/Src/color_values.o
 .ARM.attributes
                0x00000076       0x2c ./Core/Src/main.o
 .ARM.attributes
                0x000000a2       0x2c ./Core/Src/stm32f0xx_hal_msp.o
 .ARM.attributes
                0x000000ce       0x2c ./Core/Src/stm32f0xx_it.o
 .ARM.attributes
                0x000000fa       0x2c ./Core/Src/syscalls.o
 .ARM.attributes
                0x00000126       0x2c ./Core/Src/sysmem.o
 .ARM.attributes
                0x00000152       0x2c ./Core/Src/system_stm32f0xx.o
 .ARM.attributes
                0x0000017e       0x2c ./Core/Src/ws2812.o
 .ARM.attributes
                0x000001aa       0x2c ./Core/Src/ws2812_demos.o
 .ARM.attributes
                0x000001d6       0x21 ./Core/Startup/startup_stm32f031f6px.o
 .ARM.attributes
                0x000001f7       0x2c ./Drivers/STM32F0xx_HAL_Driver/Src/stm32f0xx_hal.o
 .ARM.attributes
                0x00000223       0x2c ./Drivers/STM32F0xx_HAL_Driver/Src/stm32f0xx_hal_cortex.o
 .ARM.attributes
                0x0000024f       0x2c ./Drivers/STM32F0xx_HAL_Driver/Src/stm32f0xx_hal_dma.o
 .ARM.attributes
                0x0000027b       0x2c ./Drivers/STM32F0xx_HAL_Driver/Src/stm32f0xx_hal_gpio.o
 .ARM.attributes
                0x000002a7       0x2c ./Drivers/STM32F0xx_HAL_Driver/Src/stm32f0xx_hal_pwr.o
 .ARM.attributes
                0x000002d3       0x2c ./Drivers/STM32F0xx_HAL_Driver/Src/stm32f0xx_hal_rcc.o
 .ARM.attributes
                0x000002ff       0x2c ./Drivers/STM32F0xx_HAL_Driver/Src/stm32f0xx_hal_rcc_ex.o
 .ARM.attributes
                0x0000032b       0x2c ./Drivers/STM32F0xx_HAL_Driver/Src/stm32f0xx_hal_tim.o
 .ARM.attributes
                0x00000357       0x2c ./Drivers/STM32F0xx_HAL_Driver/Src/stm32f0xx_hal_tim_ex.o
 .ARM.attributes
                0x00000383       0x2c ./Drivers/STM32F0xx_HAL_Driver/Src/stm32f0xx_hal_uart.o
 .ARM.attributes
                0x000003af       0x2c C:/ST/STM32CubeIDE_2.0.0/STM32CubeIDE/plugins/com.st.stm32cube.ide.mcu.externaltools.gnu-tools-for-stm32.13.3.rel1.win32_1.0.100.202509120712/tools/bin/../lib/gcc/arm-none-eabi/13.3.1/../../../../arm-none-eabi/lib/thumb/v6-m/nofp\libc_nano.a(libc_a-malloc.o)
 .ARM.attributes
                0x000003db       0x2c C:/ST/STM32CubeIDE_2.0.0/STM32CubeIDE/plugins/com.st.stm32cube.ide.mcu.externaltools.gnu-tools-for-stm32.13.3.rel1.win32_1.0.100.202509120712/tools/bin/../lib/gcc/arm-none-eabi/13.3.1/../../../../arm-none-eabi/lib/thumb/v6-m/nofp\libc_nano.a(libc_a-mallocr.o)
 .ARM.attributes
                0x00000407       0x2c C:/ST/STM32CubeIDE_2.0.0/STM32CubeIDE/plugins/com.st.stm32cube.ide.mcu.externaltools.gnu-tools-for-stm32.13.3.rel1.win32_1.0.100.202509120712/tools/bin/../lib/gcc/arm-none-eabi/13.3.1/../../../../arm-none-eabi/lib/thumb/v6-m/nofp\libc_nano.a(libc_a-mlock.o)
 .ARM.attributes
                0x00000433       0x2c C:/ST/STM32CubeIDE_2.0.0/STM32CubeIDE/plugins/com.st.stm32cube.ide.mcu.externaltools.gnu-tools-for-stm32.13.3.rel1.win32_1.0.100.202509120712/tools/bin/../lib/gcc/arm-none-eabi/13.3.1/../../../../arm-none-eabi/lib/thumb/v6-m/nofp\libc_nano.a(libc_a-findfp.o)
 .ARM.attributes
                0x0000045f       0x2c C:/ST/STM32CubeIDE_2.0.0/STM32CubeIDE/plugins/com.st.stm32cube.ide.mcu.externaltools.gnu-tools-for-stm32.13.3.rel1.win32_1.0.100.202509120712/tools/bin/../lib/gcc/arm-none-eabi/13.3.1/../../../../arm-none-eabi/lib/thumb/v6-m/nofp\libc_nano.a(libc_a-fwalk.o)
 .ARM.attributes
                0x0000048b       0x2c C:/ST/STM32CubeIDE_2.0.0/STM32CubeIDE/plugins/com.st.stm32cube.ide.mcu.externaltools.gnu-tools-for-stm32.13.3.rel1.win32_1.0.100.202509120712/tools/bin/../lib/gcc/arm-none-eabi/13.3.1/../../../../arm-none-eabi/lib/thumb/v6-m/nofp\libc_nano.a(libc_a-printf.o)
 .ARM.attributes
                0x000004b7       0x2c C:/ST/STM32CubeIDE_2.0.0/STM32CubeIDE/plugins/com.st.stm32cube.ide.mcu.externaltools.gnu-tools-for-stm32.13.3.rel1.win32_1.0.100.202509120712/tools/bin/../lib/gcc/arm-none-eabi/13.3.1/../../../../arm-none-eabi/lib/thumb/v6-m/nofp\libc_nano.a(libc_a-puts.o)
 .ARM.attributes
                0x000004e3       0x2c C:/ST/STM32CubeIDE_2.0.0/STM32CubeIDE/plugins/com.st.stm32cube.ide.mcu.externaltools.gnu-tools-for-stm32.13.3.rel1.win32_1.0.100.202509120712/tools/bin/../lib/gcc/arm-none-eabi/13.3.1/../../../../arm-none-eabi/lib/thumb/v6-m/nofp\libc_nano.a(libc_a-stdio.o)
 .ARM.attributes
                0x0000050f       0x2c C:/ST/STM32CubeIDE_2.0.0/STM32CubeIDE/plugins/com.st.stm32cube.ide.mcu.externaltools.gnu-tools-for-stm32.13.3.rel1.win32_1.0.100.202509120712/tools/bin/../lib/gcc/arm-none-eabi/13.3.1/../../../../arm-none-eabi/lib/thumb/v6-m/nofp\libc_nano.a(libc_a-wbuf.o)
 .ARM.attributes
                0x0000053b       0x2c C:/ST/STM32CubeIDE_2.0.0/STM32CubeIDE/plugins/com.st.stm32cube.ide.mcu.externaltools.gnu-tools-for-stm32.13.3.rel1.win32_1.0.100.202509120712/tools/bin/../lib/gcc/arm-none-eabi/13.3.1/../../../../arm-none-eabi/lib/thumb/v6-m/nofp\libc_nano.a(libc_a-wsetup.o)
 .ARM.attributes
                0x00000567       0x2c C:/ST/STM32CubeIDE_2.0.0/STM32CubeIDE/plugins/com.st.stm32cube.ide.mcu.externaltools.gnu-tools-for-stm32.13.3.rel1.win32_1.0.100.202509120712/tools/bin/../lib/gcc/arm-none-eabi/13.3.1/../../../../arm-none-eabi/lib/thumb/v6-m/nofp\libc_nano.a(libc_a-memset.o)
 .ARM.attributes
                0x00000593       0x2c C:/ST/STM32CubeIDE_2.0.0/STM32CubeIDE/plugins/com.st.stm32cube.ide.mcu.externaltools.gnu-tools-for-stm32.13.3.rel1.win32_1.0.100.202509120712/tools/bin/../lib/gcc/arm-none-eabi/13.3.1/../../../../arm-none-eabi/lib/thumb/v6-m/nofp\libc_nano.a(libc_a-closer.o)
 .ARM.attributes
                0x000005bf       0x2c C:/ST/STM32CubeIDE_2.0.0/STM32CubeIDE/plugins/com.st.stm32cube.ide.mcu.externaltools.gnu-tools-for-stm32.13.3.rel1.win32_1.0.100.202509120712/tools/bin/../lib/gcc/arm-none-eabi/13.3.1/../../../../arm-none-eabi/lib/thumb/v6-m/nofp\libc_nano.a(libc_a-reent.o)
 .ARM.attributes
                0x000005eb       0x2c C:/ST/STM32CubeIDE_2.0.0/STM32CubeIDE/plugins/com.st.stm32cube.ide.mcu.externaltools.gnu-tools-for-stm32.13.3.rel1.win32_1.0.100.202509120712/tools/bin/../lib/gcc/arm-none-eabi/13.3.1/../../../../arm-none-eabi/lib/thumb/v6-m/nofp\libc_nano.a(libc_a-impure.o)
 .ARM.attributes
                0x00000617       0x2c C:/ST/STM32CubeIDE_2.0.0/STM32CubeIDE/plugins/com.st.stm32cube.ide.mcu.externaltools.gnu-tools-for-stm32.13.3.rel1.win32_1.0.100.202509120712/tools/bin/../lib/gcc/arm-none-eabi/13.3.1/../../../../arm-none-eabi/lib/thumb/v6-m/nofp\libc_nano.a(libc_a-lseekr.o)
 .ARM.attributes
                0x00000643       0x2c C:/ST/STM32CubeIDE_2.0.0/STM32CubeIDE/plugins/com.st.stm32cube.ide.mcu.externaltools.gnu-tools-for-stm32.13.3.rel1.win32_1.0.100.202509120712/tools/bin/../lib/gcc/arm-none-eabi/13.3.1/../../../../arm-none-eabi/lib/thumb/v6-m/nofp\libc_nano.a(libc_a-readr.o)
 .ARM.attributes
                0x0000066f       0x2c C:/ST/STM32CubeIDE_2.0.0/STM32CubeIDE/plugins/com.st.stm32cube.ide.mcu.externaltools.gnu-tools-for-stm32.13.3.rel1.win32_1.0.100.202509120712/tools/bin/../lib/gcc/arm-none-eabi/13.3.1/../../../../arm-none-eabi/lib/thumb/v6-m/nofp\libc_nano.a(libc_a-sbrkr.o)
 .ARM.attributes
                0x0000069b       0x2c C:/ST/STM32CubeIDE_2.0.0/STM32CubeIDE/plugins/com.st.stm32cube.ide.mcu.externaltools.gnu-tools-for-stm32.13.3.rel1.win32_1.0.100.202509120712/tools/bin/../lib/gcc/arm-none-eabi/13.3.1/../../../../arm-none-eabi/lib/thumb/v6-m/nofp\libc_nano.a(libc_a-writer.o)
 .ARM.attributes
                0x000006c7       0x2c C:/ST/STM32CubeIDE_2.0.0/STM32CubeIDE/plugins/com.st.stm32cube.ide.mcu.externaltools.gnu-tools-for-stm32.13.3.rel1.win32_1.0.100.202509120712/tools/bin/../lib/gcc/arm-none-eabi/13.3.1/../../../../arm-none-eabi/lib/thumb/v6-m/nofp\libc_nano.a(libc_a-errno.o)
 .ARM.attributes
                0x000006f3       0x2c C:/ST/STM32CubeIDE_2.0.0/STM32CubeIDE/plugins/com.st.stm32cube.ide.mcu.externaltools.gnu-tools-for-stm32.13.3.rel1.win32_1.0.100.202509120712/tools/bin/../lib/gcc/arm-none-eabi/13.3.1/../../../../arm-none-eabi/lib/thumb/v6-m/nofp\libc_nano.a(libc_a-init.o)
 .ARM.attributes
                0x0000071f       0x2c C:/ST/STM32CubeIDE_2.0.0/STM32CubeIDE/plugins/com.st.stm32cube.ide.mcu.externaltools.gnu-tools-for-stm32.13.3.rel1.win32_1.0.100.202509120712/tools/bin/../lib/gcc/arm-none-eabi/13.3.1/../../../../arm-none-eabi/lib/thumb/v6-m/nofp\libc_nano.a(libc_a-lock.o)
 .ARM.attributes
                0x0000074b       0x2c C:/ST/STM32CubeIDE_2.0.0/STM32CubeIDE/plugins/com.st.stm32cube.ide.mcu.externaltools.gnu-tools-for-stm32.13.3.rel1.win32_1.0.100.202509120712/tools/bin/../lib/gcc/arm-none-eabi/13.3.1/../../../../arm-none-eabi/lib/thumb/v6-m/nofp\libc_nano.a(libc_a-memcpy-stub.o)
 .ARM.attributes
                0x00000777       0x2c C:/ST/STM32CubeIDE_2.0.0/STM32CubeIDE/plugins/com.st.stm32cube.ide.mcu.externaltools.gnu-tools-for-stm32.13.3.rel1.win32_1.0.100.202509120712/tools/bin/../lib/gcc/arm-none-eabi/13.3.1/../../../../arm-none-eabi/lib/thumb/v6-m/nofp\libc_nano.a(libc_a-freer.o)
 .ARM.attributes
                0x000007a3       0x2c C:/ST/STM32CubeIDE_2.0.0/STM32CubeIDE/plugins/com.st.stm32cube.ide.mcu.externaltools.gnu-tools-for-stm32.13.3.rel1.win32_1.0.100.202509120712/tools/bin/../lib/gcc/arm-none-eabi/13.3.1/../../../../arm-none-eabi/lib/thumb/v6-m/nofp\libc_nano.a(libc_a-nano-vfprintf.o)
 .ARM.attributes
                0x000007cf       0x2c C:/ST/STM32CubeIDE_2.0.0/STM32CubeIDE/plugins/com.st.stm32cube.ide.mcu.externaltools.gnu-tools-for-stm32.13.3.rel1.win32_1.0.100.202509120712/tools/bin/../lib/gcc/arm-none-eabi/13.3.1/../../../../arm-none-eabi/lib/thumb/v6-m/nofp\libc_nano.a(libc_a-nano-vfprintf_i.o)
 .ARM.attributes
                0x000007fb       0x2c C:/ST/STM32CubeIDE_2.0.0/STM32CubeIDE/plugins/com.st.stm32cube.ide.mcu.externaltools.gnu-tools-for-stm32.13.3.rel1.win32_1.0.100.202509120712/tools/bin/../lib/gcc/arm-none-eabi/13.3.1/../../../../arm-none-eabi/lib/thumb/v6-m/nofp\libc_nano.a(libc_a-fflush.o)
 .ARM.attributes
                0x00000827       0x2c C:/ST/STM32CubeIDE_2.0.0/STM32CubeIDE/plugins/com.st.stm32cube.ide.mcu.externaltools.gnu-tools-for-stm32.13.3.rel1.win32_1.0.100.202509120712/tools/bin/../lib/gcc/arm-none-eabi/13.3.1/../../../../arm-none-eabi/lib/thumb/v6-m/nofp\libc_nano.a(libc_a-makebuf.o)
 .ARM.attributes
                0x00000853       0x2c C:/ST/STM32CubeIDE_2.0.0/STM32CubeIDE/plugins/com.st.stm32cube.ide.mcu.externaltools.gnu-tools-for-stm32.13.3.rel1.win32_1.0.100.202509120712/tools/bin/../lib/gcc/arm-none-eabi/13.3.1/../../../../arm-none-eabi/lib/thumb/v6-m/nofp\libc_nano.a(libc_a-fstatr.o)
 .ARM.attributes
                0x0000087f       0x2c C:/ST/STM32CubeIDE_2.0.0/STM32CubeIDE/plugins/com.st.stm32cube.ide.mcu.externaltools.gnu-tools-for-stm32.13.3.rel1.win32_1.0.100.202509120712/tools/bin/../lib/gcc/arm-none-eabi/13.3.1/../../../../arm-none-eabi/lib/thumb/v6-m/nofp\libc_nano.a(libc_a-isattyr.o)
 .ARM.attributes
                0x000008ab       0x2c C:/ST/STM32CubeIDE_2.0.0/STM32CubeIDE/plugins/com.st.stm32cube.ide.mcu.externaltools.gnu-tools-for-stm32.13.3.rel1.win32_1.0.100.202509120712/tools/bin/../lib/gcc/arm-none-eabi/13.3.1/../../../../arm-none-eabi/lib/thumb/v6-m/nofp\libc_nano.a(libc_a-memchr-stub.o)
 .ARM.attributes
                0x000008d7       0x1e C:/ST/STM32CubeIDE_2.0.0/STM32CubeIDE/plugins/com.st.stm32cube.ide.mcu.externaltools.gnu-tools-for-stm32.13.3.rel1.win32_1.0.100.202509120712/tools/bin/../lib/gcc/arm-none-eabi/13.3.1/thumb/v6-m/nofp\libgcc.a(_thumb1_case_shi.o)
 .ARM.attributes
                0x000008f5       0x1e C:/ST/STM32CubeIDE_2.0.0/STM32CubeIDE/plugins/com.st.stm32cube.ide.mcu.externaltools.gnu-tools-for-stm32.13.3.rel1.win32_1.0.100.202509120712/tools/bin/../lib/gcc/arm-none-eabi/13.3.1/thumb/v6-m/nofp\libgcc.a(_udivsi3.o)
 .ARM.attributes
                0x00000913       0x1e C:/ST/STM32CubeIDE_2.0.0/STM32CubeIDE/plugins/com.st.stm32cube.ide.mcu.externaltools.gnu-tools-for-stm32.13.3.rel1.win32_1.0.100.202509120712/tools/bin/../lib/gcc/arm-none-eabi/13.3.1/thumb/v6-m/nofp\libgcc.a(_dvmd_tls.o)
 .ARM.attributes
                0x00000931       0x1e C:/ST/STM32CubeIDE_2.0.0/STM32CubeIDE/plugins/com.st.stm32cube.ide.mcu.externaltools.gnu-tools-for-stm32.13.3.rel1.win32_1.0.100.202509120712/tools/bin/../lib/gcc/arm-none-eabi/13.3.1/thumb/v6-m/nofp/crtn.o
OUTPUT(STM32F031F6P6.elf elf32-littlearm)
LOAD linker stubs
LOAD C:/ST/STM32CubeIDE_2.0.0/STM32CubeIDE/plugins/com.st.stm32cube.ide.mcu.externaltools.gnu-tools-for-stm32.13.3.rel1.win32_1.0.100.202509120712/tools/bin/../lib/gcc/arm-none-eabi/13.3.1/../../../../arm-none-eabi/lib/thumb/v6-m/nofp\libc.a
LOAD C:/ST/STM32CubeIDE_2.0.0/STM32CubeIDE/plugins/com.st.stm32cube.ide.mcu.externaltools.gnu-tools-for-stm32.13.3.rel1.win32_1.0.100.202509120712/tools/bin/../lib/gcc/arm-none-eabi/13.3.1/../../../../arm-none-eabi/lib/thumb/v6-m/nofp\libm.a
LOAD C:/ST/STM32CubeIDE_2.0.0/STM32CubeIDE/plugins/com.st.stm32cube.ide.mcu.externaltools.gnu-tools-for-stm32.13.3.rel1.win32_1.0.100.202509120712/tools/bin/../lib/gcc/arm-none-eabi/13.3.1/thumb/v6-m/nofp\libgcc.a

.debug_info     0x00000000     0xe4ff
 .debug_info    0x00000000       0xc2 ./Core/Src/color_values.o
 .debug_info    0x000000c2     0x1581 ./Core/Src/main.o
 .debug_info    0x00001643      0xd3a ./Core/Src/stm32f0xx_hal_msp.o
 .debug_info    0x0000237d      0x36f ./Core/Src/stm32f0xx_it.o
 .debug_info    0x000026ec      0x6a3 ./Core/Src/syscalls.o
 .debug_info    0x00002d8f      0x168 ./Core/Src/sysmem.o
 .debug_info    0x00002ef7      0x242 ./Core/Src/system_stm32f0xx.o
 .debug_info    0x00003139      0x9dc ./Core/Src/ws2812.o
 .debug_info    0x00003b15      0x856 ./Core/Src/ws2812_demos.o
 .debug_info    0x0000436b       0x30 ./Core/Startup/startup_stm32f031f6px.o
 .debug_info    0x0000439b      0x65e ./Drivers/STM32F0xx_HAL_Driver/Src/stm32f0xx_hal.o
 .debug_info    0x000049f9      0x689 ./Drivers/STM32F0xx_HAL_Driver/Src/stm32f0xx_hal_cortex.o
 .debug_info    0x00005082      0x700 ./Drivers/STM32F0xx_HAL_Driver/Src/stm32f0xx_hal_dma.o
 .debug_info    0x00005782      0x5c8 ./Drivers/STM32F0xx_HAL_Driver/Src/stm32f0xx_hal_gpio.o
 .debug_info    0x00005d4a      0x3a8 ./Drivers/STM32F0xx_HAL_Driver/Src/stm32f0xx_hal_pwr.o
 .debug_info    0x000060f2      0x844 ./Drivers/STM32F0xx_HAL_Driver/Src/stm32f0xx_hal_rcc.o
 .debug_info    0x00006936      0x35d ./Drivers/STM32F0xx_HAL_Driver/Src/stm32f0xx_hal_rcc_ex.o
 .debug_info    0x00006c93     0x2946 ./Drivers/STM32F0xx_HAL_Driver/Src/stm32f0xx_hal_tim.o
 .debug_info    0x000095d9     0x1488 ./Drivers/STM32F0xx_HAL_Driver/Src/stm32f0xx_hal_tim_ex.o
 .debug_info    0x0000aa61     0x3a9e ./Drivers/STM32F0xx_HAL_Driver/Src/stm32f0xx_hal_uart.o

.debug_abbrev   0x00000000     0x247b
 .debug_abbrev  0x00000000       0x72 ./Core/Src/color_values.o
 .debug_abbrev  0x00000072      0x35f ./Core/Src/main.o
 .debug_abbrev  0x000003d1      0x1fe ./Core/Src/stm32f0xx_hal_msp.o
 .debug_abbrev  0x000005cf      0x139 ./Core/Src/stm32f0xx_it.o
 .debug_abbrev  0x00000708      0x1b6 ./Core/Src/syscalls.o
 .debug_abbrev  0x000008be       0xbc ./Core/Src/sysmem.o
 .debug_abbrev  0x0000097a      0x11c ./Core/Src/system_stm32f0xx.o
 .debug_abbrev  0x00000a96      0x216 ./Core/Src/ws2812.o
 .debug_abbrev  0x00000cac      0x1df ./Core/Src/ws2812_demos.o
 .debug_abbrev  0x00000e8b       0x24 ./Core/Startup/startup_stm32f031f6px.o
 .debug_abbrev  0x00000eaf      0x24b ./Drivers/STM32F0xx_HAL_Driver/Src/stm32f0xx_hal.o
 .debug_abbrev  0x000010fa      0x28c ./Drivers/STM32F0xx_HAL_Driver/Src/stm32f0xx_hal_cortex.o
 .debug_abbrev  0x00001386      0x1ef ./Drivers/STM32F0xx_HAL_Driver/Src/stm32f0xx_hal_dma.o
 .debug_abbrev  0x00001575      0x1c6 ./Drivers/STM32F0xx_HAL_Driver/Src/stm32f0xx_hal_gpio.o
 .debug_abbrev  0x0000173b      0x142 ./Drivers/STM32F0xx_HAL_Driver/Src/stm32f0xx_hal_pwr.o
 .debug_abbrev  0x0000187d      0x28b ./Drivers/STM32F0xx_HAL_Driver/Src/stm32f0xx_hal_rcc.o
 .debug_abbrev  0x00001b08      0x16f ./Drivers/STM32F0xx_HAL_Driver/Src/stm32f0xx_hal_rcc_ex.o
 .debug_abbrev  0x00001c77      0x28c ./Drivers/STM32F0xx_HAL_Driver/Src/stm32f0xx_hal_tim.o
 .debug_abbrev  0x00001f03      0x297 ./Drivers/STM32F0xx_HAL_Driver/Src/stm32f0xx_hal_tim_ex.o
 .debug_abbrev  0x0000219a      0x2e1 ./Drivers/STM32F0xx_HAL_Driver/Src/stm32f0xx_hal_uart.o

.debug_aranges  0x00000000      0xd98
 .debug_aranges
                0x00000000       0x18 ./Core/Src/color_values.o
 .debug_aranges
                0x00000018       0x70 ./Core/Src/main.o
 .debug_aranges
                0x00000088       0x48 ./Core/Src/stm32f0xx_hal_msp.o
 .debug_aranges
                0x000000d0       0x50 ./Core/Src/stm32f0xx_it.o
 .debug_aranges
                0x00000120       0xa8 ./Core/Src/syscalls.o
 .debug_aranges
                0x000001c8       0x20 ./Core/Src/sysmem.o
 .debug_aranges
                0x000001e8       0x28 ./Core/Src/system_stm32f0xx.o
 .debug_aranges
                0x00000210       0x40 ./Core/Src/ws2812.o
 .debug_aranges
                0x00000250       0x28 ./Core/Src/ws2812_demos.o
 .debug_aranges
                0x00000278       0x28 ./Core/Startup/startup_stm32f031f6px.o
 .debug_aranges
                0x000002a0       0xd0 ./Drivers/STM32F0xx_HAL_Driver/Src/stm32f0xx_hal.o
 .debug_aranges
                0x00000370       0xc0 ./Drivers/STM32F0xx_HAL_Driver/Src/stm32f0xx_hal_cortex.o
 .debug_aranges
                0x00000430       0x88 ./Drivers/STM32F0xx_HAL_Driver/Src/stm32f0xx_hal_dma.o
 .debug_aranges
                0x000004b8       0x58 ./Drivers/STM32F0xx_HAL_Driver/Src/stm32f0xx_hal_gpio.o
 .debug_aranges
                0x00000510       0x78 ./Drivers/STM32F0xx_HAL_Driver/Src/stm32f0xx_hal_pwr.o
 .debug_aranges
                0x00000588       0x80 ./Drivers/STM32F0xx_HAL_Driver/Src/stm32f0xx_hal_rcc.o
 .debug_aranges
                0x00000608       0x30 ./Drivers/STM32F0xx_HAL_Driver/Src/stm32f0xx_hal_rcc_ex.o
 .debug_aranges
                0x00000638      0x3d0 ./Drivers/STM32F0xx_HAL_Driver/Src/stm32f0xx_hal_tim.o
 .debug_aranges
                0x00000a08      0x168 ./Drivers/STM32F0xx_HAL_Driver/Src/stm32f0xx_hal_tim_ex.o
 .debug_aranges
                0x00000b70      0x228 ./Drivers/STM32F0xx_HAL_Driver/Src/stm32f0xx_hal_uart.o

.debug_macro    0x00000000    0x1248a
 .debug_macro   0x00000000      0x1e4 ./Core/Src/color_values.o
 .debug_macro   0x000001e4      0xaae ./Core/Src/color_values.o
 .debug_macro   0x00000c92      0x133 ./Core/Src/color_values.o
 .debug_macro   0x00000dc5       0x2e ./Core/Src/color_values.o
 .debug_macro   0x00000df3       0x22 ./Core/Src/color_values.o
 .debug_macro   0x00000e15       0x22 ./Core/Src/color_values.o
 .debug_macro   0x00000e37       0x8e ./Core/Src/color_values.o
 .debug_macro   0x00000ec5       0x51 ./Core/Src/color_values.o
 .debug_macro   0x00000f16      0x103 ./Core/Src/color_values.o
 .debug_macro   0x00001019       0x6a ./Core/Src/color_values.o
 .debug_macro   0x00001083      0x1df ./Core/Src/color_values.o
 .debug_macro   0x00001262       0x1c ./Core/Src/color_values.o
 .debug_macro   0x0000127e       0x22 ./Core/Src/color_values.o
 .debug_macro   0x000012a0       0xaf ./Core/Src/color_values.o
 .debug_macro   0x0000134f      0x391 ./Core/Src/color_values.o
 .debug_macro   0x000016e0     0x754b ./Core/Src/color_values.o
 .debug_macro   0x00008c2b       0x66 ./Core/Src/color_values.o
 .debug_macro   0x00008c91     0x34da ./Core/Src/color_values.o
 .debug_macro   0x0000c16b      0x190 ./Core/Src/color_values.o
 .debug_macro   0x0000c2fb       0x55 ./Core/Src/color_values.o
 .debug_macro   0x0000c350      0x924 ./Core/Src/color_values.o
 .debug_macro   0x0000cc74       0xe5 ./Core/Src/color_values.o
 .debug_macro   0x0000cd59      0x1ae ./Core/Src/color_values.o
 .debug_macro   0x0000cf07       0xce ./Core/Src/color_values.o
 .debug_macro   0x0000cfd5      0x199 ./Core/Src/color_values.o
 .debug_macro   0x0000d16e      0x1ed ./Core/Src/color_values.o
 .debug_macro   0x0000d35b       0x34 ./Core/Src/color_values.o
 .debug_macro   0x0000d38f       0x43 ./Core/Src/color_values.o
 .debug_macro   0x0000d3d2       0x28 ./Core/Src/color_values.o
 .debug_macro   0x0000d3fa       0xb0 ./Core/Src/color_values.o
 .debug_macro   0x0000d4aa      0x15a ./Core/Src/color_values.o
 .debug_macro   0x0000d604      0x22c ./Core/Src/color_values.o
 .debug_macro   0x0000d830       0x61 ./Core/Src/color_values.o
 .debug_macro   0x0000d891       0xa5 ./Core/Src/color_values.o
 .debug_macro   0x0000d936       0x4c ./Core/Src/color_values.o
 .debug_macro   0x0000d982      0x112 ./Core/Src/color_values.o
 .debug_macro   0x0000da94      0x8f4 ./Core/Src/color_values.o
 .debug_macro   0x0000e388       0x28 ./Core/Src/color_values.o
 .debug_macro   0x0000e3b0      0x5ba ./Core/Src/color_values.o
 .debug_macro   0x0000e96a       0x3e ./Core/Src/color_values.o
 .debug_macro   0x0000e9a8      0x106 ./Core/Src/color_values.o
 .debug_macro   0x0000eaae       0x4c ./Core/Src/color_values.o
 .debug_macro   0x0000eafa       0x34 ./Core/Src/color_values.o
 .debug_macro   0x0000eb2e      0x1e3 ./Core/Src/main.o
 .debug_macro   0x0000ed11       0x16 ./Core/Src/main.o
 .debug_macro   0x0000ed27      0x1d1 ./Core/Src/stm32f0xx_hal_msp.o
 .debug_macro   0x0000eef8      0x1db ./Core/Src/stm32f0xx_it.o
 .debug_macro   0x0000f0d3      0x274 ./Core/Src/syscalls.o
 .debug_macro   0x0000f347       0x5b ./Core/Src/syscalls.o
 .debug_macro   0x0000f3a2       0x24 ./Core/Src/syscalls.o
 .debug_macro   0x0000f3c6       0x94 ./Core/Src/syscalls.o
 .debug_macro   0x0000f45a       0x43 ./Core/Src/syscalls.o
 .debug_macro   0x0000f49d       0x34 ./Core/Src/syscalls.o
 .debug_macro   0x0000f4d1       0x57 ./Core/Src/syscalls.o
 .debug_macro   0x0000f528      0x370 ./Core/Src/syscalls.o
 .debug_macro   0x0000f898       0x16 ./Core/Src/syscalls.o
 .debug_macro   0x0000f8ae       0x4a ./Core/Src/syscalls.o
 .debug_macro   0x0000f8f8       0x34 ./Core/Src/syscalls.o
 .debug_macro   0x0000f92c       0x10 ./Core/Src/syscalls.o
 .debug_macro   0x0000f93c       0x58 ./Core/Src/syscalls.o
 .debug_macro   0x0000f994       0x8e ./Core/Src/syscalls.o
 .debug_macro   0x0000fa22       0x1c ./Core/Src/syscalls.o
 .debug_macro   0x0000fa3e      0x185 ./Core/Src/syscalls.o
 .debug_macro   0x0000fbc3       0x10 ./Core/Src/syscalls.o
 .debug_macro   0x0000fbd3       0x3c ./Core/Src/syscalls.o
 .debug_macro   0x0000fc0f       0x10 ./Core/Src/syscalls.o
 .debug_macro   0x0000fc1f       0x10 ./Core/Src/syscalls.o
 .debug_macro   0x0000fc2f       0x10 ./Core/Src/syscalls.o
 .debug_macro   0x0000fc3f       0x1c ./Core/Src/syscalls.o
 .debug_macro   0x0000fc5b       0x52 ./Core/Src/syscalls.o
 .debug_macro   0x0000fcad       0x22 ./Core/Src/syscalls.o
 .debug_macro   0x0000fccf       0x10 ./Core/Src/syscalls.o
 .debug_macro   0x0000fcdf       0x52 ./Core/Src/syscalls.o
 .debug_macro   0x0000fd31       0xcf ./Core/Src/syscalls.o
 .debug_macro   0x0000fe00       0x1c ./Core/Src/syscalls.o
 .debug_macro   0x0000fe1c       0x3d ./Core/Src/syscalls.o
 .debug_macro   0x0000fe59       0x35 ./Core/Src/syscalls.o
 .debug_macro   0x0000fe8e      0x12c ./Core/Src/syscalls.o
 .debug_macro   0x0000ffba       0x16 ./Core/Src/syscalls.o
 .debug_macro   0x0000ffd0       0x16 ./Core/Src/syscalls.o
 .debug_macro   0x0000ffe6       0x29 ./Core/Src/syscalls.o
 .debug_macro   0x0001000f       0x10 ./Core/Src/syscalls.o
 .debug_macro   0x0001001f      0x242 ./Core/Src/syscalls.o
 .debug_macro   0x00010261       0x1c ./Core/Src/syscalls.o
 .debug_macro   0x0001027d       0x10 ./Core/Src/syscalls.o
 .debug_macro   0x0001028d       0x10 ./Core/Src/syscalls.o
 .debug_macro   0x0001029d       0x16 ./Core/Src/syscalls.o
 .debug_macro   0x000102b3      0x146 ./Core/Src/syscalls.o
 .debug_macro   0x000103f9      0x18a ./Core/Src/syscalls.o
 .debug_macro   0x00010583       0x16 ./Core/Src/syscalls.o
 .debug_macro   0x00010599       0xce ./Core/Src/syscalls.o
 .debug_macro   0x00010667      0x112 ./Core/Src/sysmem.o
 .debug_macro   0x00010779      0x23c ./Core/Src/sysmem.o
 .debug_macro   0x000109b5      0x1c2 ./Core/Src/system_stm32f0xx.o
 .debug_macro   0x00010b77      0x2e3 ./Core/Src/ws2812.o
 .debug_macro   0x00010e5a      0x11c ./Core/Src/ws2812.o
 .debug_macro   0x00010f76       0x9b ./Core/Src/ws2812.o
 .debug_macro   0x00011011       0x16 ./Core/Src/ws2812.o
 .debug_macro   0x00011027       0x20 ./Core/Src/ws2812.o
 .debug_macro   0x00011047       0x22 ./Core/Src/ws2812.o
 .debug_macro   0x00011069       0x4f ./Core/Src/ws2812.o
 .debug_macro   0x000110b8      0x1e3 ./Core/Src/ws2812_demos.o
 .debug_macro   0x0001129b      0x1e6 ./Drivers/STM32F0xx_HAL_Driver/Src/stm32f0xx_hal.o
 .debug_macro   0x00011481      0x1c2 ./Drivers/STM32F0xx_HAL_Driver/Src/stm32f0xx_hal_cortex.o
 .debug_macro   0x00011643      0x1c2 ./Drivers/STM32F0xx_HAL_Driver/Src/stm32f0xx_hal_dma.o
 .debug_macro   0x00011805      0x1c9 ./Drivers/STM32F0xx_HAL_Driver/Src/stm32f0xx_hal_gpio.o
 .debug_macro   0x000119ce      0x1c2 ./Drivers/STM32F0xx_HAL_Driver/Src/stm32f0xx_hal_pwr.o
 .debug_macro   0x00011b90      0x1d4 ./Drivers/STM32F0xx_HAL_Driver/Src/stm32f0xx_hal_rcc.o
 .debug_macro   0x00011d64      0x1c2 ./Drivers/STM32F0xx_HAL_Driver/Src/stm32f0xx_hal_rcc_ex.o
 .debug_macro   0x00011f26      0x1c3 ./Drivers/STM32F0xx_HAL_Driver/Src/stm32f0xx_hal_tim.o
 .debug_macro   0x000120e9      0x1c2 ./Drivers/STM32F0xx_HAL_Driver/Src/stm32f0xx_hal_tim_ex.o
 .debug_macro   0x000122ab      0x1df ./Drivers/STM32F0xx_HAL_Driver/Src/stm32f0xx_hal_uart.o

.debug_line     0x00000000    0x114da
 .debug_line    0x00000000      0x767 ./Core/Src/color_values.o
 .debug_line    0x00000767      0xa66 ./Core/Src/main.o
 .debug_line    0x000011cd      0x844 ./Core/Src/stm32f0xx_hal_msp.o
 .debug_line    0x00001a11      0x7f3 ./Core/Src/stm32f0xx_it.o
 .debug_line    0x00002204      0x8b1 ./Core/Src/syscalls.o
 .debug_line    0x00002ab5      0x58d ./Core/Src/sysmem.o
 .debug_line    0x00003042      0x7d6 ./Core/Src/system_stm32f0xx.o
 .debug_line    0x00003818      0xab8 ./Core/Src/ws2812.o
 .debug_line    0x000042d0      0x7df ./Core/Src/ws2812_demos.o
 .debug_line    0x00004aaf       0x7b ./Core/Startup/startup_stm32f031f6px.o
 .debug_line    0x00004b2a      0x9e5 ./Drivers/STM32F0xx_HAL_Driver/Src/stm32f0xx_hal.o
 .debug_line    0x0000550f      0xa8d ./Drivers/STM32F0xx_HAL_Driver/Src/stm32f0xx_hal_cortex.o
 .debug_line    0x00005f9c      0xce9 ./Drivers/STM32F0xx_HAL_Driver/Src/stm32f0xx_hal_dma.o
 .debug_line    0x00006c85      0xb37 ./Drivers/STM32F0xx_HAL_Driver/Src/stm32f0xx_hal_gpio.o
 .debug_line    0x000077bc      0x8c1 ./Drivers/STM32F0xx_HAL_Driver/Src/stm32f0xx_hal_pwr.o
 .debug_line    0x0000807d      0xe76 ./Drivers/STM32F0xx_HAL_Driver/Src/stm32f0xx_hal_rcc.o
 .debug_line    0x00008ef3      0x94d ./Drivers/STM32F0xx_HAL_Driver/Src/stm32f0xx_hal_rcc_ex.o
 .debug_line    0x00009840     0x36db ./Drivers/STM32F0xx_HAL_Driver/Src/stm32f0xx_hal_tim.o
 .debug_line    0x0000cf1b     0x18bb ./Drivers/STM32F0xx_HAL_Driver/Src/stm32f0xx_hal_tim_ex.o
 .debug_line    0x0000e7d6     0x2d04 ./Drivers/STM32F0xx_HAL_Driver/Src/stm32f0xx_hal_uart.o

.debug_str      0x00000000    0x69421
 .debug_str     0x00000000    0x69421 ./Core/Src/color_values.o
                              0x60528 (size before relaxing)
 .debug_str     0x00069421        0x0 ./Core/Src/main.o
                              0x61588 (size before relaxing)
 .debug_str     0x00069421        0x0 ./Core/Src/stm32f0xx_hal_msp.o
                              0x60d8d (size before relaxing)
 .debug_str     0x00069421        0x0 ./Core/Src/stm32f0xx_it.o
                              0x60756 (size before relaxing)
 .debug_str     0x00069421        0x0 ./Core/Src/syscalls.o
                               0x98c9 (size before relaxing)
 .debug_str     0x00069421        0x0 ./Core/Src/sysmem.o
                               0x7667 (size before relaxing)
 .debug_str     0x00069421        0x0 ./Core/Src/system_stm32f0xx.o
                              0x60443 (size before relaxing)
 .debug_str     0x00069421        0x0 ./Core/Src/ws2812.o
                              0x63ead (size before relaxing)
 .debug_str     0x00069421        0x0 ./Core/Src/ws2812_demos.o
                              0x60b83 (size before relaxing)
 .debug_str     0x00069421        0x0 ./Core/Startup/startup_stm32f031f6px.o
                                 0x71 (size before relaxing)
 .debug_str     0x00069421        0x0 ./Drivers/STM32F0xx_HAL_Driver/Src/stm32f0xx_hal.o
                              0x609b5 (size before relaxing)
 .debug_str     0x00069421        0x0 ./Drivers/STM32F0xx_HAL_Driver/Src/stm32f0xx_hal_cortex.o
                              0x607a6 (size before relaxing)
 .debug_str     0x00069421        0x0 ./Drivers/STM32F0xx_HAL_Driver/Src/stm32f0xx_hal_dma.o
                              0x607e9 (size before relaxing)
 .debug_str     0x00069421        0x0 ./Drivers/STM32F0xx_HAL_Driver/Src/stm32f0xx_hal_gpio.o
                              0x605e4 (size before relaxing)
 .debug_str     0x00069421        0x0 ./Drivers/STM32F0xx_HAL_Driver/Src/stm32f0xx_hal_pwr.o
                              0x60580 (size before relaxing)
 .debug_str     0x00069421        0x0 ./Drivers/STM32F0xx_HAL_Driver/Src/stm32f0xx_hal_rcc.o
                              0x6087f (size before relaxing)
 .debug_str     0x00069421        0x0 ./Drivers/STM32F0xx_HAL_Driver/Src/stm32f0xx_hal_rcc_ex.o
                              0x6058c (size before relaxing)
 .debug_str     0x00069421        0x0 ./Drivers/STM32F0xx_HAL_Driver/Src/stm32f0xx_hal_tim.o
                              0x61859 (size before relaxing)
 .debug_str     0x00069421        0x0 ./Drivers/STM32F0xx_HAL_Driver/Src/stm32f0xx_hal_tim_ex.o
                              0x61065 (size before relaxing)
 .debug_str     0x00069421        0x0 ./Drivers/STM32F0xx_HAL_Driver/Src/stm32f0xx_hal_uart.o
                              0x611a7 (size before relaxing)

.comment        0x00000000       0x43
 .comment       0x00000000       0x43 ./Core/Src/color_values.o
                                 0x44 (size before relaxing)
 .comment       0x00000043        0x0 ./Core/Src/main.o
                                 0x44 (size before relaxing)
 .comment       0x00000043        0x0 ./Core/Src/stm32f0xx_hal_msp.o
                                 0x44 (size before relaxing)
 .comment       0x00000043        0x0 ./Core/Src/stm32f0xx_it.o
                                 0x44 (size before relaxing)
 .comment       0x00000043        0x0 ./Core/Src/syscalls.o
                                 0x44 (size before relaxing)
 .comment       0x00000043        0x0 ./Core/Src/sysmem.o
                                 0x44 (size before relaxing)
 .comment       0x00000043        0x0 ./Core/Src/system_stm32f0xx.o
                                 0x44 (size before relaxing)
 .comment       0x00000043        0x0 ./Core/Src/ws2812.o
                                 0x44 (size before relaxing)
 .comment       0x00000043        0x0 ./Core/Src/ws2812_demos.o
                                 0x44 (size before relaxing)
 .comment       0x00000043        0x0 ./Drivers/STM32F0xx_HAL_Driver/Src/stm32f0xx_hal.o
                                 0x44 (size before relaxing)
 .comment       0x00000043        0x0 ./Drivers/STM32F0xx_HAL_Driver/Src/stm32f0xx_hal_cortex.o
                                 0x44 (size before relaxing)
 .comment       0x00000043        0x0 ./Drivers/STM32F0xx_HAL_Driver/Src/stm32f0xx_hal_dma.o
                                 0x44 (size before relaxing)
 .comment       0x00000043        0x0 ./Drivers/STM32F0xx_HAL_Driver/Src/stm32f0xx_hal_gpio.o
                                 0x44 (size before relaxing)
 .comment       0x00000043        0x0 ./Drivers/STM32F0xx_HAL_Driver/Src/stm32f0xx_hal_pwr.o
                                 0x44 (size before relaxing)
 .comment       0x00000043        0x0 ./Drivers/STM32F0xx_HAL_Driver/Src/stm32f0xx_hal_rcc.o
                                 0x44 (size before relaxing)
 .comment       0x00000043        0x0 ./Drivers/STM32F0xx_HAL_Driver/Src/stm32f0xx_hal_rcc_ex.o
                                 0x44 (size before relaxing)
 .comment       0x00000043        0x0 ./Drivers/STM32F0xx_HAL_Driver/Src/stm32f0xx_hal_tim.o
                                 0x44 (size before relaxing)
 .comment       0x00000043        0x0 ./Drivers/STM32F0xx_HAL_Driver/Src/stm32f0xx_hal_tim_ex.o
                                 0x44 (size before relaxing)
 .comment       0x00000043        0x0 ./Drivers/STM32F0xx_HAL_Driver/Src/stm32f0xx_hal_uart.o
                                 0x44 (size before relaxing)

.debug_rnglists
                0x00000000      0xa85
 .debug_rnglists
                0x00000000       0x54 ./Core/Src/main.o
 .debug_rnglists
                0x00000054       0x33 ./Core/Src/stm32f0xx_hal_msp.o
 .debug_rnglists
                0x00000087       0x37 ./Core/Src/stm32f0xx_it.o
 .debug_rnglists
                0x000000be       0x79 ./Core/Src/syscalls.o
 .debug_rnglists
                0x00000137       0x13 ./Core/Src/sysmem.o
 .debug_rnglists
                0x0000014a       0x1a ./Core/Src/system_stm32f0xx.o
 .debug_rnglists
                0x00000164       0x2e ./Core/Src/ws2812.o
 .debug_rnglists
                0x00000192       0x1a ./Core/Src/ws2812_demos.o
 .debug_rnglists
                0x000001ac       0x19 ./Core/Startup/startup_stm32f031f6px.o
 .debug_rnglists
                0x000001c5       0x97 ./Drivers/STM32F0xx_HAL_Driver/Src/stm32f0xx_hal.o
 .debug_rnglists
                0x0000025c       0x8c ./Drivers/STM32F0xx_HAL_Driver/Src/stm32f0xx_hal_cortex.o
 .debug_rnglists
                0x000002e8       0x6a ./Drivers/STM32F0xx_HAL_Driver/Src/stm32f0xx_hal_dma.o
 .debug_rnglists
                0x00000352       0x3f ./Drivers/STM32F0xx_HAL_Driver/Src/stm32f0xx_hal_gpio.o
 .debug_rnglists
                0x00000391       0x55 ./Drivers/STM32F0xx_HAL_Driver/Src/stm32f0xx_hal_pwr.o
 .debug_rnglists
                0x000003e6       0x61 ./Drivers/STM32F0xx_HAL_Driver/Src/stm32f0xx_hal_rcc.o
 .debug_rnglists
                0x00000447       0x21 ./Drivers/STM32F0xx_HAL_Driver/Src/stm32f0xx_hal_rcc_ex.o
 .debug_rnglists
                0x00000468      0x31c ./Drivers/STM32F0xx_HAL_Driver/Src/stm32f0xx_hal_tim.o
 .debug_rnglists
                0x00000784      0x126 ./Drivers/STM32F0xx_HAL_Driver/Src/stm32f0xx_hal_tim_ex.o
 .debug_rnglists
                0x000008aa      0x1db ./Drivers/STM32F0xx_HAL_Driver/Src/stm32f0xx_hal_uart.o

.debug_frame    0x00000000     0x37a8
 .debug_frame   0x00000000      0x16c ./Core/Src/main.o
 .debug_frame   0x0000016c       0xd0 ./Core/Src/stm32f0xx_hal_msp.o
 .debug_frame   0x0000023c       0xd4 ./Core/Src/stm32f0xx_it.o
 .debug_frame   0x00000310      0x244 ./Core/Src/syscalls.o
 .debug_frame   0x00000554       0x30 ./Core/Src/sysmem.o
 .debug_frame   0x00000584       0x4c ./Core/Src/system_stm32f0xx.o
 .debug_frame   0x000005d0       0xb0 ./Core/Src/ws2812.o
 .debug_frame   0x00000680       0x54 ./Core/Src/ws2812_demos.o
 .debug_frame   0x000006d4      0x2a4 ./Drivers/STM32F0xx_HAL_Driver/Src/stm32f0xx_hal.o
 .debug_frame   0x00000978      0x2a0 ./Drivers/STM32F0xx_HAL_Driver/Src/stm32f0xx_hal_cortex.o
 .debug_frame   0x00000c18      0x1d0 ./Drivers/STM32F0xx_HAL_Driver/Src/stm32f0xx_hal_dma.o
 .debug_frame   0x00000de8      0x110 ./Drivers/STM32F0xx_HAL_Driver/Src/stm32f0xx_hal_gpio.o
 .debug_frame   0x00000ef8      0x170 ./Drivers/STM32F0xx_HAL_Driver/Src/stm32f0xx_hal_pwr.o
 .debug_frame   0x00001068      0x198 ./Drivers/STM32F0xx_HAL_Driver/Src/stm32f0xx_hal_rcc.o
 .debug_frame   0x00001200       0x70 ./Drivers/STM32F0xx_HAL_Driver/Src/stm32f0xx_hal_rcc_ex.o
 .debug_frame   0x00001270      0xf00 ./Drivers/STM32F0xx_HAL_Driver/Src/stm32f0xx_hal_tim.o
 .debug_frame   0x00002170      0x560 ./Drivers/STM32F0xx_HAL_Driver/Src/stm32f0xx_hal_tim_ex.o
 .debug_frame   0x000026d0      0x850 ./Drivers/STM32F0xx_HAL_Driver/Src/stm32f0xx_hal_uart.o
 .debug_frame   0x00002f20       0x40 C:/ST/STM32CubeIDE_2.0.0/STM32CubeIDE/plugins/com.st.stm32cube.ide.mcu.externaltools.gnu-tools-for-stm32.13.3.rel1.win32_1.0.100.202509120712/tools/bin/../lib/gcc/arm-none-eabi/13.3.1/../../../../arm-none-eabi/lib/thumb/v6-m/nofp\libc_nano.a(libc_a-malloc.o)
 .debug_frame   0x00002f60       0x50 C:/ST/STM32CubeIDE_2.0.0/STM32CubeIDE/plugins/com.st.stm32cube.ide.mcu.externaltools.gnu-tools-for-stm32.13.3.rel1.win32_1.0.100.202509120712/tools/bin/../lib/gcc/arm-none-eabi/13.3.1/../../../../arm-none-eabi/lib/thumb/v6-m/nofp\libc_nano.a(libc_a-mallocr.o)
 .debug_frame   0x00002fb0       0x40 C:/ST/STM32CubeIDE_2.0.0/STM32CubeIDE/plugins/com.st.stm32cube.ide.mcu.externaltools.gnu-tools-for-stm32.13.3.rel1.win32_1.0.100.202509120712/tools/bin/../lib/gcc/arm-none-eabi/13.3.1/../../../../arm-none-eabi/lib/thumb/v6-m/nofp\libc_nano.a(libc_a-mlock.o)
 .debug_frame   0x00002ff0      0x138 C:/ST/STM32CubeIDE_2.0.0/STM32CubeIDE/plugins/com.st.stm32cube.ide.mcu.externaltools.gnu-tools-for-stm32.13.3.rel1.win32_1.0.100.202509120712/tools/bin/../lib/gcc/arm-none-eabi/13.3.1/../../../../arm-none-eabi/lib/thumb/v6-m/nofp\libc_nano.a(libc_a-findfp.o)
 .debug_frame   0x00003128       0x34 C:/ST/STM32CubeIDE_2.0.0/STM32CubeIDE/plugins/com.st.stm32cube.ide.mcu.externaltools.gnu-tools-for-stm32.13.3.rel1.win32_1.0.100.202509120712/tools/bin/../lib/gcc/arm-none-eabi/13.3.1/../../../../arm-none-eabi/lib/thumb/v6-m/nofp\libc_nano.a(libc_a-fwalk.o)
 .debug_frame   0x0000315c       0x4c C:/ST/STM32CubeIDE_2.0.0/STM32CubeIDE/plugins/com.st.stm32cube.ide.mcu.externaltools.gnu-tools-for-stm32.13.3.rel1.win32_1.0.100.202509120712/tools/bin/../lib/gcc/arm-none-eabi/13.3.1/../../../../arm-none-eabi/lib/thumb/v6-m/nofp\libc_nano.a(libc_a-printf.o)
 .debug_frame   0x000031a8       0x44 C:/ST/STM32CubeIDE_2.0.0/STM32CubeIDE/plugins/com.st.stm32cube.ide.mcu.externaltools.gnu-tools-for-stm32.13.3.rel1.win32_1.0.100.202509120712/tools/bin/../lib/gcc/arm-none-eabi/13.3.1/../../../../arm-none-eabi/lib/thumb/v6-m/nofp\libc_nano.a(libc_a-puts.o)